Component: ARM Compiler 5.05 update 1 (build 106) Tool: armlink [4d0efa]

==============================================================================

Section Cross References

    main.o(i.ADS8866_Init) refers to stm32f4xx_rcc.o(i.RCC_AHB1PeriphClockCmd) for RCC_AHB1PeriphClockCmd
    main.o(i.ADS8866_Init) refers to stm32f4xx_gpio.o(i.GPIO_Init) for GPIO_Init
    main.o(i.ADS8866_Init) refers to spi.o(i.SPI3_Init) for SPI3_Init
    main.o(i.ADS8866_SampleVoltage) refers to main.o(i.ADS8866_readreg) for ADS8866_readreg
    main.o(i.ADS8866_SampleVoltage) refers to dflt_clz.o(x$fpl$dfltu) for __aeabi_ui2d
    main.o(i.ADS8866_SampleVoltage) refers to ddiv.o(x$fpl$ddiv) for __aeabi_ddiv
    main.o(i.ADS8866_SampleVoltage) refers to dmul.o(x$fpl$dmul) for __aeabi_dmul
    main.o(i.ADS8866_SampleVoltage) refers to daddsub_clz.o(x$fpl$dsub) for __aeabi_dsub
    main.o(i.ADS8866_readreg) refers to delay.o(i.delay_us) for delay_us
    main.o(i.ADS8866_readreg) refers to spi.o(i.SPI3_ReadWriteByte) for SPI3_ReadWriteByte
    main.o(i.DA8811_Init) refers to stm32f4xx_rcc.o(i.RCC_AHB1PeriphClockCmd) for RCC_AHB1PeriphClockCmd
    main.o(i.DA8811_Init) refers to stm32f4xx_gpio.o(i.GPIO_Init) for GPIO_Init
    main.o(i.DA8811_Init) refers to spi.o(i.SPI3_Init) for SPI3_Init
    main.o(i.DAC8811_SetVoltage) refers to daddsub_clz.o(x$fpl$dadd) for __aeabi_dadd
    main.o(i.DAC8811_SetVoltage) refers to ddiv.o(x$fpl$ddiv) for __aeabi_ddiv
    main.o(i.DAC8811_SetVoltage) refers to d2f.o(x$fpl$d2f) for __aeabi_d2f
    main.o(i.DAC8811_SetVoltage) refers to f2d.o(x$fpl$f2d) for __aeabi_f2d
    main.o(i.DAC8811_SetVoltage) refers to dmul.o(x$fpl$dmul) for __aeabi_dmul
    main.o(i.DAC8811_SetVoltage) refers to dfix.o(x$fpl$dfix) for __aeabi_d2iz
    main.o(i.DAC8811_SetVoltage) refers to main.o(i.DAC8811_writereg) for DAC8811_writereg
    main.o(i.DAC8811_writereg) refers to spi.o(i.SPI3_ReadWriteByte) for SPI3_ReadWriteByte
    main.o(i.TIM3_IRQHandler) refers to stm32f4xx_tim.o(i.TIM_GetITStatus) for TIM_GetITStatus
    main.o(i.TIM3_IRQHandler) refers to stm32f4xx_tim.o(i.TIM_ClearITPendingBit) for TIM_ClearITPendingBit
    main.o(i.TIM3_IRQHandler) refers to main.o(.data) for timer3ItFlag
    main.o(i.funtest) refers to connectfpga.o(i.Fpga_ReadReg) for Fpga_ReadReg
    main.o(i.funtest) refers to f2d.o(x$fpl$f2d) for __aeabi_f2d
    main.o(i.funtest) refers to ddiv.o(x$fpl$ddiv) for __aeabi_ddiv
    main.o(i.funtest) refers to dmul.o(x$fpl$dmul) for __aeabi_dmul
    main.o(i.funtest) refers to daddsub_clz.o(x$fpl$dadd) for __aeabi_dadd
    main.o(i.funtest) refers to d2f.o(x$fpl$d2f) for __aeabi_d2f
    main.o(i.funtest) refers to lcdpro.o(i.DebugStatePrint) for DebugStatePrint
    main.o(i.main) refers to misc.o(i.NVIC_PriorityGroupConfig) for NVIC_PriorityGroupConfig
    main.o(i.main) refers to delay.o(i.delay_init) for delay_init
    main.o(i.main) refers to usart.o(i.uart_init) for uart_init
    main.o(i.main) refers to sram.o(i.FSMC_SRAM_Init) for FSMC_SRAM_Init
    main.o(i.main) refers to malloc.o(i.my_mem_init) for my_mem_init
    main.o(i.main) refers to connectfpga.o(i.SPI1_Init) for SPI1_Init
    main.o(i.main) refers to timer.o(i.TIM3_Int_Init) for TIM3_Int_Init
    main.o(i.main) refers to led.o(i.LED_Init) for LED_Init
    main.o(i.main) refers to lcd.o(i.LCD_Init) for LCD_Init
    main.o(i.main) refers to lcd.o(i.LCD_Display_Dir) for LCD_Display_Dir
    main.o(i.main) refers to key.o(i.KEY_Init) for KEY_Init
    main.o(i.main) refers to lcd.o(i.LCD_ShowString) for LCD_ShowString
    main.o(i.main) refers to delay.o(i.delay_ms) for delay_ms
    main.o(i.main) refers to sdio_sdcard.o(i.SD_Init) for SD_Init
    main.o(i.main) refers to exfuns.o(i.exfuns_init) for exfuns_init
    main.o(i.main) refers to ff.o(i.f_mount) for f_mount
    main.o(i.main) refers to malloc.o(i.mymalloc) for mymalloc
    main.o(i.main) refers to osci.o(i.osci_Init) for osci_Init
    main.o(i.main) refers to osci.o(i.osci_SetLinable) for osci_SetLinable
    main.o(i.main) refers to lcdpro.o(i.DebugPrintf) for DebugPrintf
    main.o(i.main) refers to strcpy.o(.text) for strcpy
    main.o(i.main) refers to connectfpga.o(i.Fpga_WriteReg) for Fpga_WriteReg
    main.o(i.main) refers to connectfpga.o(i.Fpga_ReadReg) for Fpga_ReadReg
    main.o(i.main) refers to osci.o(i.osci_KeyScan) for osci_KeyScan
    main.o(i.main) refers to osci.o(i.osci_KeyDeal) for osci_KeyDeal
    main.o(i.main) refers to osci.o(i.osci_Read) for osci_Read
    main.o(i.main) refers to delay.o(i.delay_us) for delay_us
    main.o(i.main) refers to osci.o(i.osci_Sample) for osci_Sample
    main.o(i.main) refers to osci.o(i.osci_DrawData) for osci_DrawData
    main.o(i.main) refers to touch.o(.data) for tp_dev
    main.o(i.main) refers to lcd.o(.data) for POINT_COLOR
    main.o(i.main) refers to exfuns.o(.bss) for fs
    main.o(i.main) refers to main.o(.data) for timer3ItFlag
[...]
    GPIO_SetBits                             0x0800322f   Thumb Code     4  stm32f4xx_gpio.o(i.GPIO_SetBits)
    GT9147_Init                              0x08003235   Thumb Code   248  gt9147.o(i.GT9147_Init)
    GT9147_RD_Reg                            0x08003365   Thumb Code    98  gt9147.o(i.GT9147_RD_Reg)
    GT9147_Scan                              0x080033c9   Thumb Code   494  gt9147.o(i.GT9147_Scan)
    GT9147_Send_Cfg                          0x080035c9   Thumb Code    86  gt9147.o(i.GT9147_Send_Cfg)
    GT9147_WR_Reg                            0x08003625   Thumb Code    92  gt9147.o(i.GT9147_WR_Reg)
    HardFault_Handler                        0x08003681   Thumb Code     4  stm32f4xx_it.o(i.HardFault_Handler)
    IIC_Ack                                  0x08003685   Thumb Code    66  myiic.o(i.IIC_Ack)
    IIC_Init                                 0x080036d5   Thumb Code    62  myiic.o(i.IIC_Init)
    IIC_NAck                                 0x08003721   Thumb Code    66  myiic.o(i.IIC_NAck)
    IIC_Read_Byte                            0x08003771   Thumb Code    94  myiic.o(i.IIC_Read_Byte)
    IIC_Send_Byte                            0x080037dd   Thumb Code    90  myiic.o(i.IIC_Send_Byte)
    IIC_Start                                0x08003845   Thumb Code    64  myiic.o(i.IIC_Start)
    IIC_Stop                                 0x08003891   Thumb Code    62  myiic.o(i.IIC_Stop)
    IIC_Wait_Ack                             0x080038dd   Thumb Code    82  myiic.o(i.IIC_Wait_Ack)
    IsCardProgramming                        0x0800393d   Thumb Code   146  sdio_sdcard.o(i.IsCardProgramming)
    KEY_Init                                 0x080039dd   Thumb Code    60  key.o(i.KEY_Init)
    LCD_Clear                                0x08003a21   Thumb Code   100  lcd.o(i.LCD_Clear)
    LCD_Debug_ShowString                     0x08003a8d   Thumb Code   190  lcdpro.o(i.LCD_Debug_ShowString)
    LCD_Display_Dir                          0x08003b55   Thumb Code   444  lcd.o(i.LCD_Display_Dir)
    LCD_DrawLine                             0x08003d15   Thumb Code   176  lcd.o(i.LCD_DrawLine)
    LCD_DrawPoint                            0x08003dc5   Thumb Code    28  lcd.o(i.LCD_DrawPoint)
    LCD_DrawRectangle                        0x08003de9   Thumb Code    60  lcd.o(i.LCD_DrawRectangle)
    LCD_Draw_Circle                          0x08003e25   Thumb Code   152  lcd.o(i.LCD_Draw_Circle)
    LCD_Fast_DrawPoint                       0x08003ebd   Thumb Code   374  lcd.o(i.LCD_Fast_DrawPoint)
    LCD_Fill                                 0x0800403d   Thumb Code   180  lcd.o(i.LCD_Fill)
    LCD_Init                                 0x080040f5   Thumb Code 14696  lcd.o(i.LCD_Init)
    LCD_Pow                                  0x08007a65   Thumb Code    22  lcd.o(i.LCD_Pow)
    LCD_RD_DATA                              0x08007a7d   Thumb Code    14  lcd.o(i.LCD_RD_DATA)
    LCD_ReadReg                              0x08007a91   Thumb Code    22  lcd.o(i.LCD_ReadReg)
    LCD_SSD_BackLightSet                     0x08007aa9   Thumb Code    88  lcd.o(i.LCD_SSD_BackLightSet)
    LCD_Scan_Dir                             0x08007b09   Thumb Code   744  lcd.o(i.LCD_Scan_Dir)
    LCD_SetCursor                            0x08007df5   Thumb Code   418  lcd.o(i.LCD_SetCursor)
    LCD_ShowChar                             0x08007f9d   Thumb Code   272  lcd.o(i.LCD_ShowChar)
    LCD_ShowNum                              0x080080c5   Thumb Code   148  lcd.o(i.LCD_ShowNum)
    LCD_ShowString                           0x08008159   Thumb Code   102  lcd.o(i.LCD_ShowString)
    LCD_ShowStringCentre                     0x080081bf   Thumb Code   128  lcdpro.o(i.LCD_ShowStringCentre)
    LCD_WR_DATA                              0x08008241   Thumb Code    18  lcd.o(i.LCD_WR_DATA)
    LCD_WR_REG                               0x08008259   Thumb Code    18  lcd.o(i.LCD_WR_REG)
    LCD_WriteRAM_Prepare                     0x08008271   Thumb Code    10  lcd.o(i.LCD_WriteRAM_Prepare)
    LCD_WriteReg                             0x08008285   Thumb Code    14  lcd.o(i.LCD_WriteReg)
    LED_Init                                 0x08008299   Thumb Code    60  led.o(i.LED_Init)
    MemManage_Handler                        0x080082d9   Thumb Code     4  stm32f4xx_it.o(i.MemManage_Handler)
    Multy_Complex                            0x080082dd   Thumb Code   202  fft.o(i.Multy_Complex)
    NMI_Handler                              0x080083b1   Thumb Code     2  stm32f4xx_it.o(i.NMI_Handler)
    NVIC_Init                                0x080083b5   Thumb Code   106  misc.o(i.NVIC_Init)
    NVIC_PriorityGroupConfig                 0x0800842d   Thumb Code    10  misc.o(i.NVIC_PriorityGroupConfig)
    OTT2001A_Init                            0x08008441   Thumb Code   142  ott2001a.o(i.OTT2001A_Init)
    OTT2001A_RD_Reg                          0x080084ed   Thumb Code    98  ott2001a.o(i.OTT2001A_RD_Reg)
    OTT2001A_Scan                            0x08008551   Thumb Code   478  ott2001a.o(i.OTT2001A_Scan)
    OTT2001A_SensorControl                   0x08008755   Thumb Code    28  ott2001a.o(i.OTT2001A_SensorControl)
    OTT2001A_WR_Reg                          0x08008771   Thumb Code    92  ott2001a.o(i.OTT2001A_WR_Reg)
    PendSV_Handler                           0x080087cd   Thumb Code     2  stm32f4xx_it.o(i.PendSV_Handler)
    RCC_AHB1PeriphClockCmd                   0x080087d1   Thumb Code    26  stm32f4xx_rcc.o(i.RCC_AHB1PeriphClockCmd)
    RCC_AHB3PeriphClockCmd                   0x080087f1   Thumb Code    26  stm32f4xx_rcc.o(i.RCC_AHB3PeriphClockCmd)
    RCC_APB1PeriphClockCmd                   0x08008811   Thumb Code    26  stm32f4xx_rcc.o(i.RCC_APB1PeriphClockCmd)
    RCC_APB2PeriphClockCmd                   0x08008831   Thumb Code    26  stm32f4xx_rcc.o(i.RCC_APB2PeriphClockCmd)
    RCC_APB2PeriphResetCmd                   0x08008851   Thumb Code    26  stm32f4xx_rcc.o(i.RCC_APB2PeriphResetCmd)
    RCC_GetClocksFreq                        0x08008871   Thumb Code   214  stm32f4xx_rcc.o(i.RCC_GetClocksFreq)
    SDEnWideBus                              0x08008959   Thumb Code   158  sdio_sdcard.o(i.SDEnWideBus)
    SDIO_ClearFlag                           0x08008a05   Thumb Code     6  stm32f4xx_sdio.o(i.SDIO_ClearFlag)
    SDIO_Clock_Set                           0x08008a11   Thumb Code    16  sdio_sdcard.o(i.SDIO_Clock_Set)
    SDIO_DataConfig                          0x08008a25   Thumb Code    46  stm32f4xx_sdio.o(i.SDIO_DataConfig)
    SDIO_GetFlagStatus                       0x08008a59   Thumb Code    20  stm32f4xx_sdio.o(i.SDIO_GetFlagStatus)
    SDIO_GetPowerState                       0x08008a71   Thumb Code    10  stm32f4xx_sdio.o(i.SDIO_GetPowerState)
    SDIO_IRQHandler                          0x08008a81   Thumb Code     8  sdio_sdcard.o(i.SDIO_IRQHandler)
    SDIO_Init                                0x08008a89   Thumb Code    42  stm32f4xx_sdio.o(i.SDIO_Init)
    SDIO_Register_Deinit                     0x08008ab9   Thumb Code    48  sdio_sdcard.o(i.SDIO_Register_Deinit)
    SDIO_SendCommand                         0x08008af1   Thumb Code    40  stm32f4xx_sdio.o(i.SDIO_SendCommand)
    SDIO_SetPowerState                       0x08008b1d   Thumb Code     6  stm32f4xx_sdio.o(i.SDIO_SetPowerState)
    SD_DMA_Config                            0x08008b29   Thumb Code   118  sdio_sdcard.o(i.SD_DMA_Config)
    SD_EnableWideBusOperation                0x08008ba9   Thumb Code    94  sdio_sdcard.o(i.SD_EnableWideBusOperation)
    SD_GetCardInfo                           0x08008c11   Thumb Code   772  sdio_sdcard.o(i.SD_GetCardInfo)
    SD_Init                                  0x08008f25   Thumb Code   284  sdio_sdcard.o(i.SD_Init)
    SD_InitializeCards                       0x08009055   Thumb Code   330  sdio_sdcard.o(i.SD_InitializeCards)
    SD_PowerON                               0x080091b9   Thumb Code   460  sdio_sdcard.o(i.SD_PowerON)
    SD_ProcessIRQSrc                         0x0800939d   Thumb Code   318  sdio_sdcard.o(i.SD_ProcessIRQSrc)
    SD_ReadBlock                             0x080094f1   Thumb Code   574  sdio_sdcard.o(i.SD_ReadBlock)
    SD_ReadDisk                              0x08009759   Thumb Code   148  sdio_sdcard.o(i.SD_ReadDisk)
    SD_ReadMultiBlocks                       0x080097f1   Thumb Code   710  sdio_sdcard.o(i.SD_ReadMultiBlocks)
    SD_SelectDeselect                        0x08009ae5   Thumb Code    42  sdio_sdcard.o(i.SD_SelectDeselect)
    SD_SetDeviceMode                         0x08009b15   Thumb Code    20  sdio_sdcard.o(i.SD_SetDeviceMode)
    SD_WriteBlock                            0x08009b2d   Thumb Code   862  sdio_sdcard.o(i.SD_WriteBlock)
    SD_WriteDisk                             0x08009eb5   Thumb Code   148  sdio_sdcard.o(i.SD_WriteDisk)
    SD_WriteMultiBlocks                      0x08009f4d   Thumb Code   934  sdio_sdcard.o(i.SD_WriteMultiBlocks)
    SPI1_Init                                0x0800a31d   Thumb Code   262  connectfpga.o(i.SPI1_Init)
    SPI1_ReadWriteByte                       0x0800a435   Thumb Code    48  connectfpga.o(i.SPI1_ReadWriteByte)
    SPI1_SetSpeed                            0x0800a469   Thumb Code    36  connectfpga.o(i.SPI1_SetSpeed)
    SPI_Cmd                                  0x0800a491   Thumb Code    24  stm32f4xx_spi.o(i.SPI_Cmd)
    SPI_I2S_GetFlagStatus                    0x0800a4a9   Thumb Code    18  stm32f4xx_spi.o(i.SPI_I2S_GetFlagStatus)
    SPI_I2S_ReceiveData                      0x0800a4bb   Thumb Code     6  stm32f4xx_spi.o(i.SPI_I2S_ReceiveData)
    SPI_I2S_SendData                         0x0800a4c1   Thumb Code     4  stm32f4xx_spi.o(i.SPI_I2S_SendData)
    SPI_Init                                 0x0800a4c5   Thumb Code    60  stm32f4xx_spi.o(i.SPI_Init)
    SVC_Handler                              0x0800a501   Thumb Code     2  stm32f4xx_it.o(i.SVC_Handler)
    Sub_Complex                              0x0800a5f1   Thumb Code    90  fft.o(i.Sub_Complex)
    SysTick_CLKSourceConfig                  0x0800a64b   Thumb Code    40  misc.o(i.SysTick_CLKSourceConfig)
    SysTick_Handler                          0x0800a673   Thumb Code     2  stm32f4xx_it.o(i.SysTick_Handler)
    SystemInit                               0x0800a675   Thumb Code    88  system_stm32f4xx.o(i.SystemInit)
    TIM3_IRQHandler                          0x0800a6dd   Thumb Code    44  main.o(i.TIM3_IRQHandler)
    TIM3_Int_Init                            0x0800a715   Thumb Code    88  timer.o(i.TIM3_Int_Init)
    TIM_ClearITPendingBit                    0x0800a771   Thumb Code     6  stm32f4xx_tim.o(i.TIM_ClearITPendingBit)
    TIM_Cmd                                  0x0800a777   Thumb Code    24  stm32f4xx_tim.o(i.TIM_Cmd)
    TIM_GetITStatus                          0x0800a78f   Thumb Code    34  stm32f4xx_tim.o(i.TIM_GetITStatus)
    TIM_ITConfig                             0x0800a7b1   Thumb Code    18  stm32f4xx_tim.o(i.TIM_ITConfig)
    TIM_TimeBaseInit                         0x0800a7c5   Thumb Code   104  stm32f4xx_tim.o(i.TIM_TimeBaseInit)
    TP_Adj_Info_Show                         0x0800a849   Thumb Code   374  touch.o(i.TP_Adj_Info_Show)
    TP_Adjust                                0x0800a9f1   Thumb Code  2304  touch.o(i.TP_Adjust)
    TP_Drow_Touch_Point                      0x0800b2f1   Thumb Code   108  touch.o(i.TP_Drow_Touch_Point)
    TP_Get_Adjdata                           0x0800b361   Thumb Code   160  touch.o(i.TP_Get_Adjdata)
    TP_Init                                  0x0800b411   Thumb Code   290  touch.o(i.TP_Init)
    TP_Read_AD                               0x0800b555   Thumb Code   132  touch.o(i.TP_Read_AD)
    TP_Read_XOY                              0x0800b5e9   Thumb Code   120  touch.o(i.TP_Read_XOY)
    TP_Read_XY                               0x0800b661   Thumb Code    38  touch.o(i.TP_Read_XY)
    TP_Read_XY2                              0x0800b691   Thumb Code   192  touch.o(i.TP_Read_XY2)
    TP_Save_Adjdata                          0x0800b751   Thumb Code   118  touch.o(i.TP_Save_Adjdata)
    TP_Scan                                  0x0800b7d1   Thumb Code   242  touch.o(i.TP_Scan)
    TP_Write_Byte                            0x0800b8cd   Thumb Code    64  touch.o(i.TP_Write_Byte)
    USART1_IRQHandler                        0x0800b919   Thumb Code   122  usart.o(i.USART1_IRQHandler)
    USART_Cmd                                0x0800b9a1   Thumb Code    24  stm32f4xx_usart.o(i.USART_Cmd)
    USART_GetITStatus                        0x0800b9b9   Thumb Code    84  stm32f4xx_usart.o(i.USART_GetITStatus)
    USART_ITConfig                           0x0800ba0d   Thumb Code    74  stm32f4xx_usart.o(i.USART_ITConfig)
    USART_Init                               0x0800ba59   Thumb Code   204  stm32f4xx_usart.o(i.USART_Init)
    USART_ReceiveData                        0x0800bb2d   Thumb Code    10  stm32f4xx_usart.o(i.USART_ReceiveData)
    UsageFault_Handler                       0x0800bb37   Thumb Code     4  stm32f4xx_it.o(i.UsageFault_Handler)
    W25QXX_Erase_Sector                      0x0800bb3d   Thumb Code    62  w25qxx.o(i.W25QXX_Erase_Sector)
    W25QXX_Init                              0x0800bb85   Thumb Code   102  w25qxx.o(i.W25QXX_Init)
    W25QXX_Read                              0x0800bbfd   Thumb Code    74  w25qxx.o(i.W25QXX_Read)
    W25QXX_ReadID                            0x0800bc4d   Thumb Code    68  w25qxx.o(i.W25QXX_ReadID)
    W25QXX_ReadSR                            0x0800bc99   Thumb Code    36  w25qxx.o(i.W25QXX_ReadSR)
    W25QXX_Wait_Busy                         0x0800bcc5   Thumb Code    18  w25qxx.o(i.W25QXX_Wait_Busy)
    W25QXX_Write                             0x0800bcd9   Thumb Code   180  w25qxx.o(i.W25QXX_Write)
    W25QXX_Write_Enable                      0x0800bd91   Thumb Code    24  w25qxx.o(i.W25QXX_Write_Enable)
    W25QXX_Write_NoCheck                     0x0800bdb1   Thumb Code    70  w25qxx.o(i.W25QXX_Write_NoCheck)
    W25QXX_Write_Page                        0x0800bdf9   Thumb Code    80  w25qxx.o(i.W25QXX_Write_Page)
    __ARM_fpclassify                         0x0800be4d   Thumb Code    48  fpclassify.o(i.__ARM_fpclassify)
    __hardfp_cos                             0x0800be81   Thumb Code   180  cos.o(i.__hardfp_cos)
    __hardfp_sin                             0x0800bf49   Thumb Code   180  sin.o(i.__hardfp_sin)
    __hardfp_sqrt                            0x0800c011   Thumb Code   122  sqrt.o(i.__hardfp_sqrt)
    __ieee754_rem_pio2                       0x0800c091   Thumb Code   938  rred.o(i.__ieee754_rem_pio2)
    __kernel_cos                             0x0800c4c9   Thumb Code   322  cos_i.o(i.__kernel_cos)
    __kernel_poly                            0x0800c639   Thumb Code   248  poly.o(i.__kernel_poly)
    __kernel_sin                             0x0800c731   Thumb Code   280  sin_i.o(i.__kernel_sin)
    __mathlib_dbl_infnan                     0x0800c861   Thumb Code    20  dunder.o(i.__mathlib_dbl_infnan)
    __mathlib_dbl_invalid                    0x0800c879   Thumb Code    24  dunder.o(i.__mathlib_dbl_invalid)
    __mathlib_dbl_underflow                  0x0800c899   Thumb Code    24  dunder.o(i.__mathlib_dbl_underflow)
    _is_digit                                0x0800c8b9   Thumb Code    14  __printf_wp.o(i._is_digit)
    _sys_exit                                0x0800c8c7   Thumb Code     6  usart.o(i._sys_exit)
    changeTState                             0x0800c8cd   Thumb Code   132  osci.o(i.changeTState)
    changeVState                             0x0800c981   Thumb Code   296  osci.o(i.changeVState)
    clust2sect                               0x0800cbf3   Thumb Code    26  ff.o(i.clust2sect)
    convert_from_bytes_to_power_of_two       0x0800cc9d   Thumb Code    18  sdio_sdcard.o(i.convert_from_bytes_to_power_of_two)
    delay_init                               0x0800cff5   Thumb Code    52  delay.o(i.delay_init)
    delay_ms                                 0x0800d031   Thumb Code    56  delay.o(i.delay_ms)
    delay_us                                 0x0800d069   Thumb Code    72  delay.o(i.delay_us)
    delay_xms                                0x0800d0b5   Thumb Code    72  delay.o(i.delay_xms)
    dir_sdi                                  0x0800d481   Thumb Code   158  ff.o(i.dir_sdi)
    disk_initialize                          0x0800d521   Thumb Code    52  diskio.o(i.disk_initialize)
    disk_ioctl                               0x0800d559   Thumb Code   170  diskio.o(i.disk_ioctl)
    disk_read                                0x0800d60d   Thumb Code   122  diskio.o(i.disk_read)
    disk_status                              0x0800d687   Thumb Code     6  diskio.o(i.disk_status)
    disk_write                               0x0800d68d   Thumb Code   122  diskio.o(i.disk_write)
    exfuns_init                              0x0800d709   Thumb Code   114  exfuns.o(i.exfuns_init)
    f_close                                  0x0800d78d   Thumb Code    36  ff.o(i.f_close)
    f_gets                                   0x0800d7b1   Thumb Code    82  ff.o(i.f_gets)
    f_mount                                  0x0800d805   Thumb Code    86  ff.o(i.f_mount)
    f_open                                   0x0800d861   Thumb Code   384  ff.o(i.f_open)
    f_printf                                 0x0800d9e1   Thumb Code   628  ff.o(i.f_printf)
    f_read                                   0x0800dc55   Thumb Code   432  ff.o(i.f_read)
    f_sync                                   0x0800de05   Thumb Code   176  ff.o(i.f_sync)
    f_write                                  0x0800deb5   Thumb Code   490  ff.o(i.f_write)
    fabs                                     0x0800e09f   Thumb Code    24  fabs.o(i.fabs)
    ff_convert                               0x0800e0b9   Thumb Code   116  cc936.o(i.ff_convert)
    ff_memalloc                              0x0800e135   Thumb Code    14  diskio.o(i.ff_memalloc)
    ff_memfree                               0x0800e143   Thumb Code    14  diskio.o(i.ff_memfree)
    ff_wtoupper                              0x0800e151   Thumb Code    46  cc936.o(i.ff_wtoupper)
    fputc                                    0x0800e621   Thumb Code    22  usart.o(i.fputc)
    getWN                                    0x0800e705   Thumb Code   110  fft.o(i.getWN)
    get_fat                                  0x0800e77d   Thumb Code   232  ff.o(i.get_fat)
    get_fattime                              0x0800e865   Thumb Code     4  diskio.o(i.get_fattime)
    main                                     0x0800e8d5   Thumb Code   346  main.o(i.main)
    my_mem_free                              0x0800eb61   Thumb Code    96  malloc.o(i.my_mem_free)
    my_mem_init                              0x0800ebcd   Thumb Code    54  malloc.o(i.my_mem_init)
    my_mem_malloc                            0x0800ec11   Thumb Code   156  malloc.o(i.my_mem_malloc)
    my_mem_perused                           0x0800ecb9   Thumb Code    54  malloc.o(i.my_mem_perused)
    myfree                                   0x0800ecf9   Thumb Code    30  malloc.o(i.myfree)
    mymalloc                                 0x0800ed1d   Thumb Code    34  malloc.o(i.mymalloc)
    mymemset                                 0x0800ed45   Thumb Code    20  malloc.o(i.mymemset)
    osci_DrawBack                            0x0800ed59   Thumb Code    28  osci.o(i.osci_DrawBack)
    osci_DrawData                            0x0800ed75   Thumb Code   390  osci.o(i.osci_DrawData)
    osci_DrawGrid                            0x0800ef29   Thumb Code   150  osci.o(i.osci_DrawGrid)
    osci_DrawLineToArray                     0x0800efc5   Thumb Code   178  osci.o(i.osci_DrawLineToArray)
    osci_DrawPointToArray                    0x0800f079   Thumb Code    42  osci.o(i.osci_DrawPointToArray)
    osci_DrawUI                              0x0800f0ad   Thumb Code   832  osci.o(i.osci_DrawUI)
    osci_Init                                0x0800f44d   Thumb Code   350  osci.o(i.osci_Init)
    osci_KeyDeal                             0x0800f68d   Thumb Code   488  osci.o(i.osci_KeyDeal)
    osci_KeyScan                             0x0800f8c1   Thumb Code   774  osci.o(i.osci_KeyScan)
    osci_Load                                0x0800fbd9   Thumb Code    56  osci.o(i.osci_Load)
    osci_Measure                             0x0800fc11   Thumb Code  1500  osci.o(i.osci_Measure)
    osci_PrintToArray                        0x08010221   Thumb Code   996  osci.o(i.osci_PrintToArray)
    osci_Read                                0x08010659   Thumb Code   698  osci.o(i.osci_Read)
    osci_Sample                              0x08010999   Thumb Code    14  osci.o(i.osci_Sample)
    osci_Save                                0x080109a9   Thumb Code    42  osci.o(i.osci_Save)
    osci_SetLinable                          0x080109dd   Thumb Code    22  osci.o(i.osci_SetLinable)
    osci_ShowResult                          0x080109f9   Thumb Code   182  osci.o(i.osci_ShowResult)
    put_fat                                  0x08010ad1   Thumb Code   310  ff.o(i.put_fat)
    uart_init                                0x08010dfd   Thumb Code   164  usart.o(i.uart_init)
    _get_lc_numeric                          0x08010ee1   Thumb Code    44  lc_numeric_c.o(locale$$code)
    _get_lc_ctype                            0x08010f0d   Thumb Code    44  lc_ctype_c.o(locale$$code)
    __aeabi_dneg                             0x08010f39   Thumb Code     0  basic.o(x$fpl$basic)
    _dneg                                    0x08010f39   Thumb Code     6  basic.o(x$fpl$basic)
    __aeabi_fneg                             0x08010f3f   Thumb Code     0  basic.o(x$fpl$basic)
    _fneg                                    0x08010f3f   Thumb Code     6  basic.o(x$fpl$basic)
    _dabs                                    0x08010f45   Thumb Code     6  basic.o(x$fpl$basic)
    _fabs                                    0x08010f4b   Thumb Code     6  basic.o(x$fpl$basic)
    __aeabi_dadd                             0x08010f51   Thumb Code     0  daddsub_clz.o(x$fpl$dadd)
    _dadd                                    0x08010f51   Thumb Code   332  daddsub_clz.o(x$fpl$dadd)
    __fpl_dcmp_Inf                           0x080110a1   Thumb Code    24  dcmpi.o(x$fpl$dcmpinf)
    __aeabi_ddiv                             0x080110b9   Thumb Code     0  ddiv.o(x$fpl$ddiv)
    _ddiv                                    0x080110b9   Thumb Code   552  ddiv.o(x$fpl$ddiv)
    __aeabi_d2iz                             0x08011369   Thumb Code     0  dfix.o(x$fpl$dfix)
    _dfix                                    0x08011369   Thumb Code    94  dfix.o(x$fpl$dfix)
    __aeabi_d2uiz                            0x080113c9   Thumb Code     0  dfixu.o(x$fpl$dfixu)
    _dfixu                                   0x080113c9   Thumb Code    90  dfixu.o(x$fpl$dfixu)
    __aeabi_i2d                              0x08011423   Thumb Code     0  dflt_clz.o(x$fpl$dflt)
    _dflt                                    0x08011423   Thumb Code    46  dflt_clz.o(x$fpl$dflt)
    __aeabi_ui2d                             0x08011451   Thumb Code     0  dflt_clz.o(x$fpl$dfltu)
    _dfltu                                   0x08011451   Thumb Code    38  dflt_clz.o(x$fpl$dfltu)
    __aeabi_cdcmple                          0x08011479   Thumb Code     0  dleqf.o(x$fpl$dleqf)
    _dcmple                                  0x08011479   Thumb Code   120  dleqf.o(x$fpl$dleqf)
    __fpl_dcmple_InfNaN                      0x080114db   Thumb Code     0  dleqf.o(x$fpl$dleqf)
    __aeabi_dmul                             0x080114f1   Thumb Code     0  dmul.o(x$fpl$dmul)
    _dmul                                    0x080114f1   Thumb Code   332  dmul.o(x$fpl$dmul)
    __fpl_dnaninf                            0x08011645   Thumb Code   156  dnaninf.o(x$fpl$dnaninf)
    __fpl_dretinf                            0x080116e1   Thumb Code    12  dretinf.o(x$fpl$dretinf)
    __aeabi_cdrcmple                         0x080116ed   Thumb Code     0  drleqf.o(x$fpl$drleqf)
    _drcmple                                 0x080116ed   Thumb Code   108  drleqf.o(x$fpl$drleqf)
    __aeabi_drsub                            0x08011759   Thumb Code     0  daddsub_clz.o(x$fpl$drsb)
    _drsb                                    0x08011759   Thumb Code    22  daddsub_clz.o(x$fpl$drsb)
    _dsqrt                                   0x08011771   Thumb Code   404  dsqrt_umaal.o(x$fpl$dsqrt)
    __aeabi_dsub                             0x08011909   Thumb Code     0  daddsub_clz.o(x$fpl$dsub)
    _dsub                                    0x08011909   Thumb Code   464  daddsub_clz.o(x$fpl$dsub)
    __aeabi_f2d                              0x08011add   Thumb Code     0  f2d.o(x$fpl$f2d)
    _f2d                                     0x08011add   Thumb Code    86  f2d.o(x$fpl$f2d)
    __fpl_fnaninf                            0x08011b33   Thumb Code   140  fnaninf.o(x$fpl$fnaninf)
    _fp_init                                 0x08011bbf   Thumb Code    10  fpinit.o(x$fpl$fpinit)
    __fplib_config_fpu_vfp                   0x08011bc7   Thumb Code     0  fpinit.o(x$fpl$fpinit)
    __fplib_config_pureend_doubles           0x08011bc7   Thumb Code     0  fpinit.o(x$fpl$fpinit)
    _printf_fp_dec                           0x08011bc9   Thumb Code     4  printf1.o(x$fpl$printf1)
    __I$use$fp                               0x08011bcc   Number         0  usenofp.o(x$fpl$usenofp)
    asc2_1206                                0x08011bcc   Data        1140  lcd.o(.constdata)
    asc2_1608                                0x08012040   Data        1520  lcd.o(.constdata)
    asc2_2412                                0x08012630   Data        3420  lcd.o(.constdata)
    FT5206_TPX_TBL                           0x0801338c   Data          10  ft5206.o(.constdata)
    OTT_TPX_TBL                              0x08013396   Data          10  ott2001a.o(.constdata)
    TP_REMIND_MSG_TBL                        0x080133a0   Data           4  touch.o(.constdata)
    GT9147_CFG_TBL                           0x080133a4   Data         184  gt9147.o(.constdata)
    GT9147_TPX_TBL                           0x0801345c   Data          10  gt9147.o(.constdata)
    memtblsize                               0x08013468   Data          12  malloc.o(.constdata)
    memblksize                               0x08013474   Data          12  malloc.o(.constdata)
    memsize                                  0x08013480   Data          12  malloc.o(.constdata)
    Region$$Table$$Base                      0x0803e400   Number         0  anon$$obj.o(Region$$Table)
    Region$$Table$$Limit                     0x0803e420   Number         0  anon$$obj.o(Region$$Table)
    __ctype                                  0x0803e449   Data           0  lc_ctype_c.o(locale$$data)
    mem3base                                 0x10000000   Data       61440  malloc.o(.ARM.__AT_0x10000000)
    mem3mapbase                              0x1000f000   Data        3840  malloc.o(.ARM.__AT_0x1000F000)
    timer3ItFlag                             0x20000000   Data           1  main.o(.data)
    __stdout                                 0x20000018   Data           4  usart.o(.data)
    USART_RX_STA                             0x2000001c   Data           2  usart.o(.data)
    POINT_COLOR                              0x2000001e   Data           2  lcd.o(.data)
    BACK_COLOR                               0x20000020   Data           2  lcd.o(.data)
    tp_dev                                   0x20000028   Data          52  touch.o(.data)
    CMD_RDX                                  0x2000005c   Data           1  touch.o(.data)
    CMD_RDY                                  0x2000005d   Data           1  touch.o(.data)
    osciLINE                                 0x20000060   Data           1  osci.o(.data)
    osciRUN                                  0x20000061   Data           1  osci.o(.data)
    osciSINGLE                               0x20000062   Data           1  osci.o(.data)
    osciSAVE                                 0x20000063   Data           1  osci.o(.data)
    osciLOAD                                 0x20000064   Data           1  osci.o(.data)
    osciFFT                                  0x20000065   Data           1  osci.o(.data)
    vstateChange                             0x20000066   Data           1  osci.o(.data)
    osciCoefNow                              0x20000068   Data           8  osci.o(.data)
    osciVrangeNow                            0x20000070   Data           8  osci.o(.data)
    osciTriVolt                              0x20000078   Data           8  osci.o(.data)
    osciVolt                                 0x20000080   Data           8  osci.o(.data)
    osciFreq                                 0x20000088   Data           8  osci.o(.data)
    osci                                     0x20000090   Data           4  osci.o(.data)
    osciPrintArrayP                          0x20000094   Data           4  osci.o(.data)
    osciPrintArrayPl                         0x20000098   Data           4  osci.o(.data)
    osciArryUsed                             0x2000009c   Data           4  osci.o(.data)
    osciArrylUsed                            0x200000a0   Data           4  osci.o(.data)
    vstate                                   0x200000a4   Data           1  osci.o(.data)
    tstate                                   0x200000a5   Data           1  osci.o(.data)
    TransferError                            0x200000b2   Data           1  sdio_sdcard.o(.data)
    TransferEnd                              0x200000b3   Data           1  sdio_sdcard.o(.data)
    tempbuff                                 0x200000b4   Data           4  sdio_sdcard.o(.data)
    W25QXX_TYPE                              0x200000b8   Data           2  w25qxx.o(.data)
    mallco_dev                               0x200000bc   Data          36  malloc.o(.data)
    file                                     0x200000e0   Data           4  exfuns.o(.data)
    ftemp                                    0x200000e4   Data           4  exfuns.o(.data)
    br                                       0x200000e8   Data           4  exfuns.o(.data)
    bw                                       0x200000ec   Data           4  exfuns.o(.data)
    fatbuf                                   0x200000f0   Data           4  exfuns.o(.data)
    FLASH_SECTOR_COUNT                       0x200000f4   Data           2  diskio.o(.data)
    USART_RX_BUF                             0x200000f8   Data         200  usart.o(.bss)
    lcddev                                   0x200001c0   Data          14  lcd.o(.bss)
    print_temp                               0x200001ce   Data         100  lcdpro.o(.bss)
    osciPoint                                0x20000238   Data         200  osci.o(.bss)
    osciMulti                                0x20000300   Data          32  osci.o(.bss)
    osciCorrect                              0x20000320   Data         128  osci.o(.bss)
    SDIO_InitStructure                       0x200003a0   Data          24  sdio_sdcard.o(.bss)
    SDIO_CmdInitStructure                    0x200003b8   Data          20  sdio_sdcard.o(.bss)
    SDIO_DataInitStructure                   0x200003cc   Data          24  sdio_sdcard.o(.bss)
    SDCardInfo                               0x20000408   Data          88  sdio_sdcard.o(.bss)
    SDIO_DATA_BUFFER                         0x20000460   Data         512  sdio_sdcard.o(.bss)
    W25QXX_BUFFER                            0x20000660   Data        4096  w25qxx.o(.bss)
    mem1base                                 0x20001660   Data       102400  malloc.o(.bss)
    mem1mapbase                              0x2001a660   Data        6400  malloc.o(.bss)
    fs                                       0x2001bf60   Data          12  exfuns.o(.bss)
    fileinfo                                 0x2001bf6c   Data          32  exfuns.o(.bss)
    dir                                      0x2001bf8c   Data          36  exfuns.o(.bss)
    __libspace_start                         0x2001bfbc   Data          96  libspace.o(.bss)
    __temporary_stack_top$libspace           0x2001c01c   Data           0  libspace.o(.bss)
    mem2base                                 0x68000000   Data       983040  malloc.o(.ARM.__AT_0x68000000)
    mem2mapbase                              0x680f0000   Data       61440  malloc.o(.ARM.__AT_0x680F0000)



==============================================================================

Memory Map of the image

  Image Entry point : 0x08000189

  Load Region LR_IROM1 (Base: 0x08000000, Size: 0x0003e644, Max: 0x00100000, ABSOLUTE)

    Execution Region ER_IROM1 (Base: 0x08000000, Size: 0x0003e54c, Max: 0x00100000, ABSOLUTE)

    Base Addr    Size         Type   Attr      Idx    E Section Name        Object

    0x08000000   0x00000188   Data   RO         5167    RESET               startup_stm32f40_41xxx.o
    0x08000188   0x00000008   Code   RO         7543  * !!!main             c_w.l(__main.o)
    0x08000190   0x00000034   Code   RO         8021    !!!scatter          c_w.l(__scatter.o)
    0x080001c4   0x0000001a   Code   RO         8023    !!handler_copy      c_w.l(__scatter_copy.o)
    0x080001de   0x00000002   PAD
    0x080001e0   0x0000001c   Code   RO         8025    !!handler_zi        c_w.l(__scatter_zi.o)
    0x080001fc   0x00000000   Code   RO         7530    .ARM.Collect$$_printf_percent$$00000000  c_w.l(_printf_percent.o)
    0x080001fc   0x00000006   Code   RO         7671    .ARM.Collect$$_printf_percent$$00000001  c_w.l(_printf_n.o)
    0x08000202   0x00000006   Code   RO         7672    .ARM.Collect$$_printf_percent$$00000002  c_w.l(_printf_p.o)
    0x08000208   0x00000006   Code   RO         7529    .ARM.Collect$$_printf_percent$$00000003  c_w.l(_printf_f.o)
    0x0800020e   0x00000006   Code   RO         7676    .ARM.Collect$$_printf_percent$$00000004  c_w.l(_printf_e.o)
    0x08000214   0x00000006   Code   RO         7677    .ARM.Collect$$_printf_percent$$00000005  c_w.l(_printf_g.o)
    0x0800021a   0x00000006   Code   RO         7678    .ARM.Collect$$_printf_percent$$00000006  c_w.l(_printf_a.o)
    0x08000220   0x0000000a   Code   RO         7683    .ARM.Collect$$_printf_percent$$00000007  c_w.l(_printf_ll.o)
    0x0800022a   0x00000006   Code   RO         7674    .ARM.Collect$$_printf_percent$$00000008  c_w.l(_printf_i.o)
    0x08000230   0x00000006   Code   RO         7528    .ARM.Collect$$_printf_percent$$00000009  c_w.l(_printf_d.o)
    0x08000236   0x00000006   Code   RO         7675    .ARM.Collect$$_printf_percent$$0000000A  c_w.l(_printf_u.o)
    0x0800023c   0x00000006   Code   RO         7673    .ARM.Collect$$_printf_percent$$0000000B  c_w.l(_printf_o.o)
    0x08000242   0x00000006   Code   RO         7527    .ARM.Collect$$_printf_percent$$0000000C  c_w.l(_printf_x.o)
    0x08000248   0x00000006   Code   RO         7680    .ARM.Collect$$_printf_percent$$0000000D  c_w.l(_printf_lli.o)
    0x0800024e   0x00000006   Code   RO         7681    .ARM.Collect$$_printf_percent$$0000000E  c_w.l(_printf_lld.o)
    0x08000254   0x00000006   Code   RO         7682    .ARM.Collect$$_printf_percent$$0000000F  c_w.l(_printf_llu.o)
    0x0800025a   0x00000006   Code   RO         7687    .ARM.Collect$$_printf_percent$$00000010  c_w.l(_printf_llo.o)
    0x08000260   0x00000006   Code   RO         7688    .ARM.Collect$$_printf_percent$$00000011  c_w.l(_printf_llx.o)
    0x08000266   0x0000000a   Code   RO         7684    .ARM.Collect$$_printf_percent$$00000012  c_w.l(_printf_l.o)
    0x08000270   0x00000006   Code   RO         7670    .ARM.Collect$$_printf_percent$$00000013  c_w.l(_printf_c.o)
    0x08000276   0x00000006   Code   RO         7526    .ARM.Collect$$_printf_percent$$00000014  c_w.l(_printf_s.o)
    0x0800027c   0x00000006   Code   RO         7685    .ARM.Collect$$_printf_percent$$00000015  c_w.l(_printf_lc.o)
    0x08000282   0x00000006   Code   RO         7686    .ARM.Collect$$_printf_percent$$00000016  c_w.l(_printf_ls.o)
    0x08000288   0x00000004   Code   RO         7679    .ARM.Collect$$_printf_percent$$00000017  c_w.l(_printf_percent_end.o)
    0x0800028c   0x00000002   Code   RO         7839    .ARM.Collect$$libinit$$00000000  c_w.l(libinit.o)
    0x0800028e   0x00000004   Code   RO         7840    .ARM.Collect$$libinit$$00000001  c_w.l(libinit2.o)
    0x08000292   0x00000000   Code   RO         7843    .ARM.Collect$$libinit$$00000004  c_w.l(libinit2.o)
    0x08000292   0x00000000   Code   RO         7846    .ARM.Collect$$libinit$$0000000A  c_w.l(libinit2.o)
    0x08000292   0x00000000   Code   RO         7848    .ARM.Collect$$libinit$$0000000C  c_w.l(libinit2.o)
    0x08000292   0x00000000   Code   RO         7850    .ARM.Collect$$libinit$$0000000E  c_w.l(libinit2.o)
    0x08000292   0x00000006   Code   RO         7851    .ARM.Collect$$libinit$$0000000F  c_w.l(libinit2.o)
    0x08000298   0x00000000   Code   RO         7853    .ARM.Collect$$libinit$$00000011  c_w.l(libinit2.o)
    0x08000298   0x0000000c   Code   RO         7854    .ARM.Collect$$libinit$$00000012  c_w.l(libinit2.o)
    0x080002a4   0x00000000   Code   RO         7855    .ARM.Collect$$libinit$$00000013  c_w.l(libinit2.o)
    0x080002a4   0x00000000   Code   RO         7857    .ARM.Collect$$libinit$$00000015  c_w.l(libinit2.o)
    0x080002a4   0x0000000a   Code   RO         7858    .ARM.Collect$$libinit$$00000016  c_w.l(libinit2.o)
    0x080002ae   0x00000000   Code   RO         7859    .ARM.Collect$$libinit$$00000017  c_w.l(libinit2.o)
    0x080002ae   0x00000000   Code   RO         7861    .ARM.Collect$$libinit$$00000019  c_w.l(libinit2.o)
    0x080002ae   0x00000000   Code   RO         7863    .ARM.Collect$$libinit$$0000001B  c_w.l(libinit2.o)
    0x080002ae   0x00000000   Code   RO         7865    .ARM.Collect$$libinit$$0000001D  c_w.l(libinit2.o)
    0x080002ae   0x00000000   Code   RO         7867    .ARM.Collect$$libinit$$0000001F  c_w.l(libinit2.o)
    0x080002ae   0x00000000   Code   RO         7869    .ARM.Collect$$libinit$$00000021  c_w.l(libinit2.o)
    0x080002ae   0x00000000   Code   RO         7871    .ARM.Collect$$libinit$$00000023  c_w.l(libinit2.o)
    0x080002ae   0x00000000   Code   RO         7873    .ARM.Collect$$libinit$$00000025  c_w.l(libinit2.o)
    0x080002ae   0x00000000   Code   RO         7877    .ARM.Collect$$libinit$$0000002C  c_w.l(libinit2.o)
    0x080002ae   0x00000000   Code   RO         7879    .ARM.Collect$$libinit$$0000002E  c_w.l(libinit2.o)
    0x080002ae   0x00000000   Code   RO         7881    .ARM.Collect$$libinit$$00000030  c_w.l(libinit2.o)
    0x080002ae   0x00000000   Code   RO         7883    .ARM.Collect$$libinit$$00000032  c_w.l(libinit2.o)
    0x080002ae   0x00000002   Code   RO         7884    .ARM.Collect$$libinit$$00000033  c_w.l(libinit2.o)
    0x080002b0   0x00000002   Code   RO         7957    .ARM.Collect$$libshutdown$$00000000  c_w.l(libshutdown.o)
    0x080002b2   0x00000000   Code   RO         7983    .ARM.Collect$$libshutdown$$00000003  c_w.l(libshutdown2.o)
    0x080002b2   0x00000000   Code   RO         7986    .ARM.Collect$$libshutdown$$00000006  c_w.l(libshutdown2.o)
    0x080002b2   0x00000000   Code   RO         7989    .ARM.Collect$$libshutdown$$00000009  c_w.l(libshutdown2.o)
    0x080002b2   0x00000000   Code   RO         7991    .ARM.Collect$$libshutdown$$0000000B  c_w.l(libshutdown2.o)
    0x080002b2   0x00000000   Code   RO         7994    .ARM.Collect$$libshutdown$$0000000E  c_w.l(libshutdown2.o)
    0x080002b2   0x00000002   Code   RO         7995    .ARM.Collect$$libshutdown$$0000000F  c_w.l(libshutdown2.o)
    0x080002b4   0x00000000   Code   RO         7633    .ARM.Collect$$rtentry$$00000000  c_w.l(__rtentry.o)
    0x080002b4   0x00000000   Code   RO         7740    .ARM.Collect$$rtentry$$00000002  c_w.l(__rtentry2.o)
    0x080002b4   0x00000006   Code   RO         7752    .ARM.Collect$$rtentry$$00000004  c_w.l(__rtentry4.o)
    0x080002ba   0x00000000   Code   RO         7742    .ARM.Collect$$rtentry$$00000009  c_w.l(__rtentry2.o)
    0x080002ba   0x00000004   Code   RO         7743    .ARM.Collect$$rtentry$$0000000A  c_w.l(__rtentry2.o)
    0x080002be   0x00000000   Code   RO         7745    .ARM.Collect$$rtentry$$0000000C  c_w.l(__rtentry2.o)
    0x080002be   0x00000008   Code   RO         7746    .ARM.Collect$$rtentry$$0000000D  c_w.l(__rtentry2.o)
    0x080002c6   0x00000002   Code   RO         7885    .ARM.Collect$$rtexit$$00000000  c_w.l(rtexit.o)
    0x080002c8   0x00000000   Code   RO         7913    .ARM.Collect$$rtexit$$00000002  c_w.l(rtexit2.o)
    0x080002c8   0x00000004   Code   RO         7914    .ARM.Collect$$rtexit$$00000003  c_w.l(rtexit2.o)
    0x080002cc   0x00000006   Code   RO         7915    .ARM.Collect$$rtexit$$00000004  c_w.l(rtexit2.o)
    0x080002d2   0x00000002   PAD
    0x080002d4   0x00000010   Code   RO         5214    .emb_text           sys.o
    0x080002e4   0x00000040   Code   RO         5168    .text               startup_stm32f40_41xxx.o
    0x08000324   0x00000002   Code   RO         7463    .text               c_w.l(use_no_semi_2.o)
    0x08000326   0x00000048   Code   RO         7465    .text               c_w.l(llsdiv.o)
    0x0800036e   0x00000002   PAD
    0x08000370   0x00000024   Code   RO         7467    .text               c_w.l(c89vsprintf.o)
    0x08000394   0x00000018   Code   RO         7469    .text               c_w.l(__2printf.o)
    0x080003ac   0x0000002c   Code   RO         7471    .text               c_w.l(__2sprintf.o)
    0x080003d8   0x0000004e   Code   RO         7479    .text               c_w.l(_printf_pad.o)
    0x08000426   0x00000052   Code   RO         7481    .text               c_w.l(_printf_str.o)
    0x08000478   0x00000078   Code   RO         7483    .text               c_w.l(_printf_dec.o)
    0x080004f0   0x00000094   Code   RO         7503    .text               c_w.l(_printf_hex_int_ll_ptr.o)
    0x08000584   0x00000188   Code   RO         7523    .text               c_w.l(__printf_flags_ss_wp.o)
    0x0800070c   0x0000001a   Code   RO         7531    .text               c_w.l(atoi.o)
    0x08000726   0x00000048   Code   RO         7533    .text               c_w.l(strcpy.o)
    0x0800076e   0x0000003e   Code   RO         7535    .text               c_w.l(strlen.o)
    0x080007ac   0x0000008a   Code   RO         7537    .text               c_w.l(rt_memcpy_v6.o)
    0x08000836   0x00000002   PAD
    0x08000838   0x00000080   Code   RO         7539    .text               c_w.l(strcmpv7m.o)
    0x080008b8   0x00000006   Code   RO         7541    .text               c_w.l(heapauxi.o)
    0x080008be   0x00000002   Code   RO         7631    .text               c_w.l(use_no_semi.o)
    0x080008c0   0x00000008   Code   RO         7637    .text               c_w.l(rt_errno_addr_intlibspace.o)
    0x080008c8   0x000000ee   Code   RO         7639    .text               c_w.l(lludivv7m.o)
    0x080009b6   0x00000016   Code   RO         7641    .text               c_w.l(_rserrno.o)
    0x080009cc   0x00000024   Code   RO         7643    .text               c_w.l(_printf_truncate.o)
    0x080009f0   0x000000b2   Code   RO         7645    .text               c_w.l(_printf_intcommon.o)
    0x08000aa2   0x00000028   Code   RO         7647    .text               c_w.l(_printf_charcount.o)
    0x08000aca   0x0000041a   Code   RO         7649    .text               c_w.l(_printf_fp_dec.o)
    0x08000ee4   0x00000030   Code   RO         7651    .text               c_w.l(_printf_char_common.o)
    0x08000f14   0x0000000a   Code   RO         7653    .text               c_w.l(_sputc.o)
    0x08000f1e   0x0000002c   Code   RO         7655    .text               c_w.l(_printf_char.o)
    0x08000f4a   0x00000002   PAD
    0x08000f4c   0x00000024   Code   RO         7657    .text               c_w.l(_printf_char_file.o)
    0x08000f70   0x000000bc   Code   RO         7659    .text               c_w.l(_printf_wctomb.o)
    0x0800102c   0x0000007c   Code   RO         7662    .text               c_w.l(_printf_longlong_dec.o)
    0x080010a8   0x00000070   Code   RO         7668    .text               c_w.l(_printf_oct_int_ll.o)
    0x08001118   0x00000070   Code   RO         7691    .text               c_w.l(strtol.o)
    0x08001188   0x00000064   Code   RO         7693    .text               c_w.l(rt_memcpy_w.o)
    0x080011ec   0x00000008   Code   RO         7736    .text               c_w.l(libspace.o)
    0x080011f4   0x00000010   Code   RO         7754    .text               c_w.l(rt_ctype_table.o)
    0x08001204   0x00000008   Code   RO         7763    .text               c_w.l(rt_locale_intlibspace.o)
    0x0800120c   0x0000008a   Code   RO         7765    .text               c_w.l(lludiv10.o)
    0x08001296   0x00000002   PAD
    0x08001298   0x00000080   Code   RO         7769    .text               c_w.l(_printf_fp_infnan.o)
    0x08001318   0x0000002c   Code   RO         7773    .text               c_w.l(_printf_wchar.o)
    0x08001344   0x0000009e   Code   RO         7777    .text               c_w.l(_strtoul.o)
    0x080013e2   0x00000002   PAD
    0x080013e4   0x000000dc   Code   RO         7779    .text               c_w.l(bigflt0.o)
    0x080014c0   0x00000008   Code   RO         7804    .text               c_w.l(ferror.o)
    0x080014c8   0x00000040   Code   RO         7808    .text               c_w.l(_wcrtomb.o)
    0x08001508   0x0000004a   Code   RO         7821    .text               c_w.l(sys_stackheap_outer.o)
    0x08001552   0x0000001c   Code   RO         7825    .text               c_w.l(_chval.o)
    0x0800156e   0x0000000c   Code   RO         7832    .text               c_w.l(exit.o)
    0x0800157a   0x0000003e   Code   RO         7782    CL$$btod_d2e        c_w.l(btod.o)
    0x080015b8   0x00000046   Code   RO         7784    CL$$btod_d2e_denorm_low  c_w.l(btod.o)
    0x080015fe   0x00000060   Code   RO         7783    CL$$btod_d2e_norm_op1  c_w.l(btod.o)
    0x0800165e   0x00000338   Code   RO         7792    CL$$btod_div_common  c_w.l(btod.o)
    0x08001996   0x000000c6   Code   RO         7789    CL$$btod_e2e        c_w.l(btod.o)
    0x08001a5c   0x00000028   Code   RO         7786    CL$$btod_ediv       c_w.l(btod.o)
    0x08001a84   0x00000028   Code   RO         7785    CL$$btod_emul       c_w.l(btod.o)
    0x08001aac   0x00000244   Code   RO         7791    CL$$btod_mult_common  c_w.l(btod.o)
    0x08001cf0   0x00000008   Code   RO         5818    i.AT24CXX_Init      24cxx.o
    0x08001cf8   0x0000002c   Code   RO         5820    i.AT24CXX_ReadLenByte  24cxx.o
    0x08001d24   0x00000058   Code   RO         5821    i.AT24CXX_ReadOneByte  24cxx.o
    0x08001d7c   0x0000002a   Code   RO         5823    i.AT24CXX_WriteLenByte  24cxx.o
    0x08001da6   0x00000050   Code   RO         5824    i.AT24CXX_WriteOneByte  24cxx.o
    0x08001df6   0x0000005a   Code   RO         5453    i.Add_Complex       fft.o
    0x08001e50   0x00000004   Code   RO          303    i.BusFault_Handler  stm32f4xx_it.o
    0x08001e54   0x0000000a   Code   RO         5947    i.CT_Delay          ctiic.o
    0x08001e5e   0x00000002   PAD
    0x08001e60   0x00000054   Code   RO         5948    i.CT_IIC_Ack        ctiic.o
    0x08001eb4   0x00000044   Code   RO         5949    i.CT_IIC_Init       ctiic.o
    0x08001ef8   0x00000054   Code   RO         5950    i.CT_IIC_NAck       ctiic.o
    0x08001f4c   0x0000006c   Code   RO         5951    i.CT_IIC_Read_Byte  ctiic.o
    0x08001fb8   0x00000064   Code   RO         5952    i.CT_IIC_Send_Byte  ctiic.o
    0x0800201c   0x0000004c   Code   RO         5953    i.CT_IIC_Start      ctiic.o
    0x08002068   0x00000048   Code   RO         5954    i.CT_IIC_Stop       ctiic.o
    0x080020b0   0x00000060   Code   RO         5955    i.CT_IIC_Wait_Ack   ctiic.o
    0x08002110   0x00000030   Code   RO         6568    i.CmdError          sdio_sdcard.o
    0x08002140   0x00000064   Code   RO         6569    i.CmdResp1Error     sdio_sdcard.o
    0x080021a4   0x00000054   Code   RO         6570    i.CmdResp2Error     sdio_sdcard.o
    0x080021f8   0x00000038   Code   RO         6571    i.CmdResp3Error     sdio_sdcard.o
    0x08002230   0x00000094   Code   RO         6572    i.CmdResp6Error     sdio_sdcard.o
    0x080022c4   0x0000004c   Code   RO         6573    i.CmdResp7Error     sdio_sdcard.o
    0x08002310   0x00000016   Code   RO         1426    i.DMA_Cmd           stm32f4xx_dma.o
    0x08002326   0x00000002   PAD
    0x08002328   0x00000158   Code   RO         1427    i.DMA_DeInit        stm32f4xx_dma.o
    0x08002480   0x00000016   Code   RO         1430    i.DMA_FlowControllerConfig  stm32f4xx_dma.o
    0x08002496   0x00000014   Code   RO         1431    i.DMA_GetCmdStatus  stm32f4xx_dma.o
    0x080024aa   0x00000002   PAD
    0x080024ac   0x00000058   Code   RO         1438    i.DMA_Init          stm32f4xx_dma.o
    0x08002504   0x00000002   Code   RO          304    i.DebugMon_Handler  stm32f4xx_it.o
    0x08002506   0x00000002   PAD
    0x08002508   0x00000028   Code   RO         5768    i.DebugPrintf       lcdpro.o
    0x08002530   0x000001e8   Code   RO         5454    i.FFT               fft.o
    0x08002718   0x000000d4   Code   RO         5455    i.FFT_remap         fft.o
    0x080027ec   0x00000034   Code   RO         2039    i.FSMC_NORSRAMCmd   stm32f4xx_fsmc.o
    0x08002820   0x000000e6   Code   RO         2041    i.FSMC_NORSRAMInit  stm32f4xx_fsmc.o
    0x08002906   0x00000002   PAD
    0x08002908   0x000002cc   Code   RO         6463    i.FSMC_SRAM_Init    sram.o
    0x08002bd4   0x000000e8   Code   RO         6018    i.FT5206_Init       ft5206.o
    0x08002cbc   0x00000058   Code   RO         6019    i.FT5206_RD_Reg     ft5206.o
    0x08002d14   0x0000019c   Code   RO         6020    i.FT5206_Scan       ft5206.o
    0x08002eb0   0x00000052   Code   RO         6021    i.FT5206_WR_Reg     ft5206.o
    0x08002f02   0x00000002   PAD
    0x08002f04   0x00000194   Code   RO         6574    i.FindSCR           sdio_sdcard.o
    0x08003098   0x00000060   Code   RO         5281    i.Fpga_ReadReg      connectfpga.o
    0x080030f8   0x00000060   Code   RO         5282    i.Fpga_WriteReg     connectfpga.o
    0x08003158   0x00000090   Code   RO         2160    i.GPIO_Init         stm32f4xx_gpio.o
    0x080031e8   0x00000046   Code   RO         2161    i.GPIO_PinAFConfig  stm32f4xx_gpio.o
    0x0800322e   0x00000004   Code   RO         2168    i.GPIO_SetBits      stm32f4xx_gpio.o
    0x08003232   0x00000002   PAD
    0x08003234   0x00000130   Code   RO         6212    i.GT9147_Init       gt9147.o
    0x08003364   0x00000062   Code   RO         6213    i.GT9147_RD_Reg     gt9147.o
    0x080033c6   0x00000002   PAD
    0x080033c8   0x00000200   Code   RO         6214    i.GT9147_Scan       gt9147.o
    0x080035c8   0x0000005c   Code   RO         6215    i.GT9147_Send_Cfg   gt9147.o
    0x08003624   0x0000005c   Code   RO         6216    i.GT9147_WR_Reg     gt9147.o
    0x08003680   0x00000004   Code   RO          305    i.HardFault_Handler  stm32f4xx_it.o
    0x08003684   0x00000050   Code   RO         5885    i.IIC_Ack           myiic.o
    0x080036d4   0x0000004c   Code   RO         5886    i.IIC_Init          myiic.o
    0x08003720   0x00000050   Code   RO         5887    i.IIC_NAck          myiic.o
    0x08003770   0x0000006c   Code   RO         5888    i.IIC_Read_Byte     myiic.o
    0x080037dc   0x00000068   Code   RO         5889    i.IIC_Send_Byte     myiic.o
    0x08003844   0x0000004c   Code   RO         5890    i.IIC_Start         myiic.o
    0x08003890   0x0000004c   Code   RO         5891    i.IIC_Stop          myiic.o
    0x080038dc   0x00000060   Code   RO         5892    i.IIC_Wait_Ack      myiic.o
    0x0800393c   0x000000a0   Code   RO         6575    i.IsCardProgramming  sdio_sdcard.o
    0x080039dc   0x00000044   Code   RO         5510    i.KEY_Init          key.o
    0x08003a20   0x0000006c   Code   RO         5538    i.LCD_Clear         lcd.o
    0x08003a8c   0x000000c8   Code   RO         5770    i.LCD_Debug_ShowString  lcdpro.o
    0x08003b54   0x000001c0   Code   RO         5542    i.LCD_Display_Dir   lcd.o
    0x08003d14   0x000000b0   Code   RO         5543    i.LCD_DrawLine      lcd.o
    0x08003dc4   0x00000024   Code   RO         5544    i.LCD_DrawPoint     lcd.o
    0x08003de8   0x0000003c   Code   RO         5545    i.LCD_DrawRectangle  lcd.o
    0x08003e24   0x00000098   Code   RO         5546    i.LCD_Draw_Circle   lcd.o
    0x08003ebc   0x00000180   Code   RO         5547    i.LCD_Fast_DrawPoint  lcd.o
    0x0800403c   0x000000b8   Code   RO         5548    i.LCD_Fill          lcd.o
    0x080040f4   0x00003970   Code   RO         5549    i.LCD_Init          lcd.o
    0x08007a64   0x00000016   Code   RO         5550    i.LCD_Pow           lcd.o
    0x08007a7a   0x00000002   PAD
    0x08007a7c   0x00000014   Code   RO         5551    i.LCD_RD_DATA       lcd.o
    0x08007a90   0x00000016   Code   RO         5553    i.LCD_ReadReg       lcd.o
    0x08007aa6   0x00000002   PAD
    0x08007aa8   0x00000060   Code   RO         5554    i.LCD_SSD_BackLightSet  lcd.o
    0x08007b08   0x000002ec   Code   RO         5555    i.LCD_Scan_Dir      lcd.o
    0x08007df4   0x000001a8   Code   RO         5556    i.LCD_SetCursor     lcd.o
    0x08007f9c   0x00000128   Code   RO         5558    i.LCD_ShowChar      lcd.o
    0x080080c4   0x00000094   Code   RO         5559    i.LCD_ShowNum       lcd.o
    0x08008158   0x00000066   Code   RO         5560    i.LCD_ShowString    lcd.o
    0x080081be   0x00000080   Code   RO         5771    i.LCD_ShowStringCentre  lcdpro.o
    0x0800823e   0x00000002   PAD
    0x08008240   0x00000018   Code   RO         5562    i.LCD_WR_DATA       lcd.o
    0x08008258   0x00000018   Code   RO         5563    i.LCD_WR_REG        lcd.o
    0x08008270   0x00000014   Code   RO         5565    i.LCD_WriteRAM_Prepare  lcd.o
    0x08008284   0x00000014   Code   RO         5566    i.LCD_WriteReg      lcd.o
    0x08008298   0x00000040   Code   RO         5748    i.LED_Init          led.o
    0x080082d8   0x00000004   Code   RO          306    i.MemManage_Handler  stm32f4xx_it.o
    0x080082dc   0x000000d4   Code   RO         5456    i.Multy_Complex     fft.o
    0x080083b0   0x00000002   Code   RO          307    i.NMI_Handler       stm32f4xx_it.o
    0x080083b2   0x00000002   PAD
    0x080083b4   0x00000078   Code   RO          437    i.NVIC_Init         misc.o
    0x0800842c   0x00000014   Code   RO          438    i.NVIC_PriorityGroupConfig  misc.o
    0x08008440   0x000000ac   Code   RO         6064    i.OTT2001A_Init     ott2001a.o
    0x080084ec   0x00000062   Code   RO         6065    i.OTT2001A_RD_Reg   ott2001a.o
    0x0800854e   0x00000002   PAD
    0x08008550   0x00000204   Code   RO         6066    i.OTT2001A_Scan     ott2001a.o
    0x08008754   0x0000001c   Code   RO         6067    i.OTT2001A_SensorControl  ott2001a.o
    0x08008770   0x0000005c   Code   RO         6068    i.OTT2001A_WR_Reg   ott2001a.o
    0x080087cc   0x00000002   Code   RO          308    i.PendSV_Handler    stm32f4xx_it.o
    0x080087ce   0x00000002   PAD
    0x080087d0   0x00000020   Code   RO         3024    i.RCC_AHB1PeriphClockCmd  stm32f4xx_rcc.o
    0x080087f0   0x00000020   Code   RO         3030    i.RCC_AHB3PeriphClockCmd  stm32f4xx_rcc.o
    0x08008810   0x00000020   Code   RO         3033    i.RCC_APB1PeriphClockCmd  stm32f4xx_rcc.o
    0x08008830   0x00000020   Code   RO         3036    i.RCC_APB2PeriphClockCmd  stm32f4xx_rcc.o
    0x08008850   0x00000020   Code   RO         3038    i.RCC_APB2PeriphResetCmd  stm32f4xx_rcc.o
    0x08008870   0x000000e8   Code   RO         3045    i.RCC_GetClocksFreq  stm32f4xx_rcc.o
    0x08008958   0x000000ac   Code   RO         6576    i.SDEnWideBus       sdio_sdcard.o
    0x08008a04   0x0000000c   Code   RO         3942    i.SDIO_ClearFlag    stm32f4xx_sdio.o
    0x08008a10   0x00000014   Code   RO         6577    i.SDIO_Clock_Set    sdio_sdcard.o
    0x08008a24   0x00000034   Code   RO         3948    i.SDIO_DataConfig   stm32f4xx_sdio.o
    0x08008a58   0x00000018   Code   RO         3954    i.SDIO_GetFlagStatus  stm32f4xx_sdio.o
    0x08008a70   0x00000010   Code   RO         3956    i.SDIO_GetPowerState  stm32f4xx_sdio.o
    0x08008a80   0x00000008   Code   RO         6578    i.SDIO_IRQHandler   sdio_sdcard.o
    0x08008a88   0x00000030   Code   RO         3959    i.SDIO_Init         stm32f4xx_sdio.o
    0x08008ab8   0x00000038   Code   RO         6579    i.SDIO_Register_Deinit  sdio_sdcard.o
    0x08008af0   0x0000002c   Code   RO         3962    i.SDIO_SendCommand  stm32f4xx_sdio.o
    0x08008b1c   0x0000000c   Code   RO         3964    i.SDIO_SetPowerState  stm32f4xx_sdio.o
    0x08008b28   0x00000080   Code   RO         6580    i.SD_DMA_Config     sdio_sdcard.o
    0x08008ba8   0x00000068   Code   RO         6581    i.SD_EnableWideBusOperation  sdio_sdcard.o
    0x08008c10   0x00000314   Code   RO         6582    i.SD_GetCardInfo    sdio_sdcard.o
    0x08008f24   0x00000130   Code   RO         6584    i.SD_Init           sdio_sdcard.o
    0x08009054   0x00000164   Code   RO         6585    i.SD_InitializeCards  sdio_sdcard.o
    0x080091b8   0x000001e4   Code   RO         6587    i.SD_PowerON        sdio_sdcard.o
    0x0800939c   0x00000154   Code   RO         6588    i.SD_ProcessIRQSrc  sdio_sdcard.o
    0x080094f0   0x00000268   Code   RO         6589    i.SD_ReadBlock      sdio_sdcard.o
    0x08009758   0x00000098   Code   RO         6590    i.SD_ReadDisk       sdio_sdcard.o
    0x080097f0   0x000002f4   Code   RO         6591    i.SD_ReadMultiBlocks  sdio_sdcard.o
    0x08009ae4   0x00000030   Code   RO         6592    i.SD_SelectDeselect  sdio_sdcard.o
    0x08009b14   0x00000018   Code   RO         6594    i.SD_SetDeviceMode  sdio_sdcard.o
    0x08009b2c   0x00000388   Code   RO         6595    i.SD_WriteBlock     sdio_sdcard.o
    0x08009eb4   0x00000098   Code   RO         6596    i.SD_WriteDisk      sdio_sdcard.o
    0x08009f4c   0x000003d0   Code   RO         6597    i.SD_WriteMultiBlocks  sdio_sdcard.o
    0x0800a31c   0x00000118   Code   RO         5284    i.SPI1_Init         connectfpga.o
    0x0800a434   0x00000034   Code   RO         5285    i.SPI1_ReadWriteByte  connectfpga.o
    0x0800a468   0x00000028   Code   RO         5286    i.SPI1_SetSpeed     connectfpga.o
    0x0800a490   0x00000018   Code   RO         4141    i.SPI_Cmd           stm32f4xx_spi.o
    0x0800a4a8   0x00000012   Code   RO         4149    i.SPI_I2S_GetFlagStatus  stm32f4xx_spi.o
    0x0800a4ba   0x00000006   Code   RO         4152    i.SPI_I2S_ReceiveData  stm32f4xx_spi.o
    0x0800a4c0   0x00000004   Code   RO         4153    i.SPI_I2S_SendData  stm32f4xx_spi.o
    0x0800a4c4   0x0000003c   Code   RO         4154    i.SPI_Init          stm32f4xx_spi.o
    0x0800a500   0x00000002   Code   RO          309    i.SVC_Handler       stm32f4xx_it.o
    0x0800a502   0x00000002   PAD
    0x0800a504   0x000000ec   Code   RO          400    i.SetSysClock       system_stm32f4xx.o
    0x0800a5f0   0x0000005a   Code   RO         5457    i.Sub_Complex       fft.o
    0x0800a64a   0x00000028   Code   RO          441    i.SysTick_CLKSourceConfig  misc.o
    0x0800a672   0x00000002   Code   RO          310    i.SysTick_Handler   stm32f4xx_it.o
    0x0800a674   0x00000068   Code   RO          402    i.SystemInit        system_stm32f4xx.o
    0x0800a6dc   0x00000038   Code   RO            9    i.TIM3_IRQHandler   main.o
    0x0800a714   0x0000005c   Code   RO         6295    i.TIM3_Int_Init     timer.o
    0x0800a770   0x00000006   Code   RO         4366    i.TIM_ClearITPendingBit  stm32f4xx_tim.o
    0x0800a776   0x00000018   Code   RO         4371    i.TIM_Cmd           stm32f4xx_tim.o
    0x0800a78e   0x00000022   Code   RO         4392    i.TIM_GetITStatus   stm32f4xx_tim.o
    0x0800a7b0   0x00000012   Code   RO         4396    i.TIM_ITConfig      stm32f4xx_tim.o
    0x0800a7c2   0x00000002   PAD
    0x0800a7c4   0x00000084   Code   RO         4443    i.TIM_TimeBaseInit  stm32f4xx_tim.o
    0x0800a848   0x000001a8   Code   RO         6112    i.TP_Adj_Info_Show  touch.o
    0x0800a9f0   0x00000900   Code   RO         6113    i.TP_Adjust         touch.o
    0x0800b2f0   0x00000070   Code   RO         6115    i.TP_Drow_Touch_Point  touch.o
    0x0800b360   0x000000b0   Code   RO         6116    i.TP_Get_Adjdata    touch.o
    0x0800b410   0x00000144   Code   RO         6117    i.TP_Init           touch.o
    0x0800b554   0x00000094   Code   RO         6118    i.TP_Read_AD        touch.o
    0x0800b5e8   0x00000078   Code   RO         6119    i.TP_Read_XOY       touch.o
    0x0800b660   0x00000030   Code   RO         6120    i.TP_Read_XY        touch.o
    0x0800b690   0x000000c0   Code   RO         6121    i.TP_Read_XY2       touch.o
    0x0800b750   0x00000080   Code   RO         6122    i.TP_Save_Adjdata   touch.o
    0x0800b7d0   0x000000fc   Code   RO         6123    i.TP_Scan           touch.o
    0x0800b8cc   0x0000004c   Code   RO         6124    i.TP_Write_Byte     touch.o
    0x0800b918   0x00000088   Code   RO         5232    i.USART1_IRQHandler  usart.o
    0x0800b9a0   0x00000018   Code   RO         4921    i.USART_Cmd         stm32f4xx_usart.o
    0x0800b9b8   0x00000054   Code   RO         4925    i.USART_GetITStatus  stm32f4xx_usart.o
    0x0800ba0c   0x0000004a   Code   RO         4927    i.USART_ITConfig    stm32f4xx_usart.o
    0x0800ba56   0x00000002   PAD
    0x0800ba58   0x000000d4   Code   RO         4928    i.USART_Init        stm32f4xx_usart.o
    0x0800bb2c   0x0000000a   Code   RO         4935    i.USART_ReceiveData  stm32f4xx_usart.o
    0x0800bb36   0x00000004   Code   RO          311    i.UsageFault_Handler  stm32f4xx_it.o
    0x0800bb3a   0x00000002   PAD
    0x0800bb3c   0x00000048   Code   RO         6783    i.W25QXX_Erase_Sector  w25qxx.o
    0x0800bb84   0x00000078   Code   RO         6784    i.W25QXX_Init       w25qxx.o
    0x0800bbfc   0x00000050   Code   RO         6786    i.W25QXX_Read       w25qxx.o
    0x0800bc4c   0x0000004c   Code   RO         6787    i.W25QXX_ReadID     w25qxx.o
    0x0800bc98   0x0000002c   Code   RO         6788    i.W25QXX_ReadSR     w25qxx.o
    0x0800bcc4   0x00000012   Code   RO         6790    i.W25QXX_Wait_Busy  w25qxx.o
    0x0800bcd6   0x00000002   PAD
    0x0800bcd8   0x000000b8   Code   RO         6791    i.W25QXX_Write      w25qxx.o
    0x0800bd90   0x00000020   Code   RO         6793    i.W25QXX_Write_Enable  w25qxx.o
    0x0800bdb0   0x00000046   Code   RO         6794    i.W25QXX_Write_NoCheck  w25qxx.o
    0x0800bdf6   0x00000002   PAD
    0x0800bdf8   0x00000054   Code   RO         6795    i.W25QXX_Write_Page  w25qxx.o
    0x0800be4c   0x00000030   Code   RO         7817    i.__ARM_fpclassify  m_wm.l(fpclassify.o)
    0x0800be7c   0x00000004   PAD
    0x0800be80   0x000000c8   Code   RO         7589    i.__hardfp_cos      m_wm.l(cos.o)
    0x0800bf48   0x000000c8   Code   RO         7607    i.__hardfp_sin      m_wm.l(sin.o)
    0x0800c010   0x0000007a   Code   RO         7619    i.__hardfp_sqrt     m_wm.l(sqrt.o)
    0x0800c08a   0x00000006   PAD
    0x0800c090   0x00000438   Code   RO         7725    i.__ieee754_rem_pio2  m_wm.l(rred.o)
    0x0800c4c8   0x00000170   Code   RO         7708    i.__kernel_cos      m_wm.l(cos_i.o)
    0x0800c638   0x000000f8   Code   RO         7819    i.__kernel_poly     m_wm.l(poly.o)
    0x0800c730   0x00000130   Code   RO         7730    i.__kernel_sin      m_wm.l(sin_i.o)
    0x0800c860   0x00000014   Code   RO         7712    i.__mathlib_dbl_infnan  m_wm.l(dunder.o)
    0x0800c874   0x00000004   PAD
    0x0800c878   0x00000020   Code   RO         7714    i.__mathlib_dbl_invalid  m_wm.l(dunder.o)
    0x0800c898   0x00000020   Code   RO         7717    i.__mathlib_dbl_underflow  m_wm.l(dunder.o)
    0x0800c8b8   0x0000000e   Code   RO         7516    i._is_digit         c_w.l(__printf_wp.o)
    0x0800c8c6   0x00000006   Code   RO         5233    i._sys_exit         usart.o
    0x0800c8cc   0x000000b4   Code   RO         6315    i.changeTState      osci.o
    0x0800c980   0x0000019c   Code   RO         6316    i.changeVState      osci.o
    0x0800cb1c   0x00000090   Code   RO         7093    i.check_fs          ff.o
    0x0800cbac   0x00000014   Code   RO         7094    i.chk_chr           ff.o
    0x0800cbc0   0x00000032   Code   RO         7095    i.clmt_clust        ff.o
    0x0800cbf2   0x0000001a   Code   RO         7096    i.clust2sect        ff.o
    0x0800cc0c   0x00000090   Code   RO         7097    i.cmp_lfn           ff.o
    0x0800cc9c   0x00000012   Code   RO         6598    i.convert_from_bytes_to_power_of_two  sdio_sdcard.o
    0x0800ccae   0x000000d6   Code   RO         7098    i.create_chain      ff.o
    0x0800cd84   0x00000270   Code   RO         7099    i.create_name       ff.o
    0x0800cff4   0x0000003c   Code   RO         5174    i.delay_init        delay.o
    0x0800d030   0x00000038   Code   RO         5175    i.delay_ms          delay.o
    0x0800d068   0x0000004c   Code   RO         5176    i.delay_us          delay.o
    0x0800d0b4   0x0000004c   Code   RO         5177    i.delay_xms         delay.o
    0x0800d100   0x0000005c   Code   RO         7100    i.dir_alloc         ff.o
    0x0800d15c   0x000000ea   Code   RO         7101    i.dir_find          ff.o
    0x0800d246   0x00000110   Code   RO         7102    i.dir_next          ff.o
    0x0800d356   0x0000012a   Code   RO         7104    i.dir_register      ff.o
    0x0800d480   0x0000009e   Code   RO         7106    i.dir_sdi           ff.o
    0x0800d51e   0x00000002   PAD
    0x0800d520   0x00000038   Code   RO         7023    i.disk_initialize   diskio.o
    0x0800d558   0x000000b4   Code   RO         7024    i.disk_ioctl        diskio.o
    0x0800d60c   0x0000007a   Code   RO         7025    i.disk_read         diskio.o
    0x0800d686   0x00000006   Code   RO         7026    i.disk_status       diskio.o
    0x0800d68c   0x0000007a   Code   RO         7027    i.disk_write        diskio.o
    0x0800d706   0x00000002   PAD
    0x0800d708   0x00000084   Code   RO         6975    i.exfuns_init       exfuns.o
    0x0800d78c   0x00000024   Code   RO         7108    i.f_close           ff.o
    0x0800d7b0   0x00000052   Code   RO         7112    i.f_gets            ff.o
    0x0800d802   0x00000002   PAD
    0x0800d804   0x0000005c   Code   RO         7116    i.f_mount           ff.o
    0x0800d860   0x00000180   Code   RO         7117    i.f_open            ff.o
    0x0800d9e0   0x00000274   Code   RO         7119    i.f_printf          ff.o
    0x0800dc54   0x000001b0   Code   RO         7122    i.f_read            ff.o
    0x0800de04   0x000000b0   Code   RO         7127    i.f_sync            ff.o
    0x0800deb4   0x000001ea   Code   RO         7131    i.f_write           ff.o
    0x0800e09e   0x00000018   Code   RO         7603    i.fabs              m_wm.l(fabs.o)
    0x0800e0b6   0x00000002   PAD
    0x0800e0b8   0x0000007c   Code   RO         7432    i.ff_convert        cc936.o
    0x0800e134   0x0000000e   Code   RO         7028    i.ff_memalloc       diskio.o
    0x0800e142   0x0000000e   Code   RO         7029    i.ff_memfree        diskio.o
    0x0800e150   0x00000038   Code   RO         7433    i.ff_wtoupper       cc936.o
    0x0800e188   0x00000388   Code   RO         7132    i.find_volume       ff.o
    0x0800e510   0x00000080   Code   RO         7133    i.fit_lfn           ff.o
    0x0800e590   0x00000090   Code   RO         7134    i.follow_path       ff.o
    0x0800e620   0x0000001c   Code   RO         5234    i.fputc             usart.o
    0x0800e63c   0x000000c8   Code   RO         7135    i.gen_numname       ff.o
    0x0800e704   0x00000078   Code   RO         5458    i.getWN             fft.o
    0x0800e77c   0x000000e8   Code   RO         7136    i.get_fat           ff.o
    0x0800e864   0x00000004   Code   RO         7030    i.get_fattime       diskio.o
    0x0800e868   0x0000004a   Code   RO         7138    i.get_ldnumber      ff.o
    0x0800e8b2   0x00000020   Code   RO         7139    i.ld_clust          ff.o
    0x0800e8d2   0x00000002   PAD
    0x0800e8d4   0x00000204   Code   RO           11    i.main              main.o
    0x0800ead8   0x00000026   Code   RO         7140    i.mem_cmp           ff.o
    0x0800eafe   0x0000001a   Code   RO         7141    i.mem_cpy           ff.o
    0x0800eb18   0x00000014   Code   RO         7142    i.mem_set           ff.o
    0x0800eb2c   0x00000032   Code   RO         7143    i.move_window       ff.o
    0x0800eb5e   0x00000002   PAD
    0x0800eb60   0x0000006c   Code   RO         6893    i.my_mem_free       malloc.o
    0x0800ebcc   0x00000044   Code   RO         6894    i.my_mem_init       malloc.o
    0x0800ec10   0x000000a8   Code   RO         6895    i.my_mem_malloc     malloc.o
    0x0800ecb8   0x00000040   Code   RO         6896    i.my_mem_perused    malloc.o
    0x0800ecf8   0x00000024   Code   RO         6897    i.myfree            malloc.o
    0x0800ed1c   0x00000028   Code   RO         6898    i.mymalloc          malloc.o
    0x0800ed44   0x00000014   Code   RO         6900    i.mymemset          malloc.o
    0x0800ed58   0x0000001c   Code   RO         6317    i.osci_DrawBack     osci.o
    0x0800ed74   0x000001b4   Code   RO         6318    i.osci_DrawData     osci.o
    0x0800ef28   0x0000009c   Code   RO         6319    i.osci_DrawGrid     osci.o
    0x0800efc4   0x000000b2   Code   RO         6320    i.osci_DrawLineToArray  osci.o
    0x0800f076   0x00000002   PAD
    0x0800f078   0x00000034   Code   RO         6321    i.osci_DrawPointToArray  osci.o
    0x0800f0ac   0x000003a0   Code   RO         6322    i.osci_DrawUI       osci.o
    0x0800f44c   0x00000240   Code   RO         6324    i.osci_Init         osci.o
    0x0800f68c   0x00000234   Code   RO         6325    i.osci_KeyDeal      osci.o
    0x0800f8c0   0x00000318   Code   RO         6326    i.osci_KeyScan      osci.o
    0x0800fbd8   0x00000038   Code   RO         6327    i.osci_Load         osci.o
    0x0800fc10   0x00000610   Code   RO         6328    i.osci_Measure      osci.o
    0x08010220   0x00000438   Code   RO         6329    i.osci_PrintToArray  osci.o
    0x08010658   0x00000340   Code   RO         6330    i.osci_Read         osci.o
    0x08010998   0x0000000e   Code   RO         6331    i.osci_Sample       osci.o
    0x080109a6   0x00000002   PAD
    0x080109a8   0x00000034   Code   RO         6332    i.osci_Save         osci.o
    0x080109dc   0x0000001c   Code   RO         6333    i.osci_SetLinable   osci.o
    0x080109f8   0x000000d8   Code   RO         6334    i.osci_ShowResult   osci.o
    0x08010ad0   0x00000136   Code   RO         7145    i.put_fat           ff.o
    0x08010c06   0x00000044   Code   RO         7146    i.putc_bfd          ff.o
    0x08010c4a   0x0000006c   Code   RO         7147    i.remove_chain      ff.o
    0x08010cb6   0x00000010   Code   RO         7148    i.st_clust          ff.o
    0x08010cc6   0x00000020   Code   RO         7149    i.sum_sfn           ff.o
    0x08010ce6   0x000000c8   Code   RO         7150    i.sync_fs           ff.o
    0x08010dae   0x0000004c   Code   RO         7151    i.sync_window       ff.o
    0x08010dfa   0x00000002   PAD
    0x08010dfc   0x000000ac   Code   RO         5235    i.uart_init         usart.o
    0x08010ea8   0x00000036   Code   RO         7152    i.validate          ff.o
    0x08010ede   0x00000002   PAD
    0x08010ee0   0x0000002c   Code   RO         7811    locale$$code        c_w.l(lc_numeric_c.o)
    0x08010f0c   0x0000002c   Code   RO         7830    locale$$code        c_w.l(lc_ctype_c.o)
    0x08010f38   0x00000018   Code   RO         7545    x$fpl$basic         fz_wm.l(basic.o)
    0x08010f50   0x00000150   Code   RO         7549    x$fpl$dadd          fz_wm.l(daddsub_clz.o)
    0x080110a0   0x00000018   Code   RO         7695    x$fpl$dcmpinf       fz_wm.l(dcmpi.o)
    0x080110b8   0x000002b0   Code   RO         7556    x$fpl$ddiv          fz_wm.l(ddiv.o)
    0x08011368   0x0000005e   Code   RO         7559    x$fpl$dfix          fz_wm.l(dfix.o)
    0x080113c6   0x00000002   PAD
    0x080113c8   0x0000005a   Code   RO         7563    x$fpl$dfixu         fz_wm.l(dfixu.o)
    0x08011422   0x0000002e   Code   RO         7568    x$fpl$dflt          fz_wm.l(dflt_clz.o)
    0x08011450   0x00000026   Code   RO         7567    x$fpl$dfltu         fz_wm.l(dflt_clz.o)
    0x08011476   0x00000002   PAD
    0x08011478   0x00000078   Code   RO         7573    x$fpl$dleqf         fz_wm.l(dleqf.o)
    0x080114f0   0x00000154   Code   RO         7575    x$fpl$dmul          fz_wm.l(dmul.o)
    0x08011644   0x0000009c   Code   RO         7697    x$fpl$dnaninf       fz_wm.l(dnaninf.o)
    0x080116e0   0x0000000c   Code   RO         7699    x$fpl$dretinf       fz_wm.l(dretinf.o)
    0x080116ec   0x0000006c   Code   RO         7577    x$fpl$drleqf        fz_wm.l(drleqf.o)
    0x08011758   0x00000016   Code   RO         7550    x$fpl$drsb          fz_wm.l(daddsub_clz.o)
    0x0801176e   0x00000002   PAD
    0x08011770   0x00000198   Code   RO         7701    x$fpl$dsqrt         fz_wm.l(dsqrt_umaal.o)
    0x08011908   0x000001d4   Code   RO         7551    x$fpl$dsub          fz_wm.l(daddsub_clz.o)
    0x08011adc   0x00000056   Code   RO         7579    x$fpl$f2d           fz_wm.l(f2d.o)
    0x08011b32   0x0000008c   Code   RO         7703    x$fpl$fnaninf       fz_wm.l(fnaninf.o)
    0x08011bbe   0x0000000a   Code   RO         7896    x$fpl$fpinit        fz_wm.l(fpinit.o)
    0x08011bc8   0x00000004   Code   RO         7581    x$fpl$printf1       fz_wm.l(printf1.o)
    0x08011bcc   0x00000000   Code   RO         7707    x$fpl$usenofp       fz_wm.l(usenofp.o)
    0x08011bcc   0x000017c0   Data   RO         5569    .constdata          lcd.o
    0x0801338c   0x0000000a   Data   RO         6022    .constdata          ft5206.o
    0x08013396   0x0000000a   Data   RO         6069    .constdata          ott2001a.o
    0x080133a0   0x00000004   Data   RO         6125    .constdata          touch.o
    0x080133a4   0x000000c2   Data   RO         6217    .constdata          gt9147.o
    0x08013466   0x00000002   PAD
    0x08013468   0x00000024   Data   RO         6907    .constdata          malloc.o
    0x0801348c   0x0000003a   Data   RO         7154    .constdata          ff.o
    0x080134c6   0x0002acc8   Data   RO         7434    .constdata          cc936.o
    0x0803e18e   0x00000028   Data   RO         7504    .constdata          c_w.l(_printf_hex_int_ll_ptr.o)
    0x0803e1b6   0x00000011   Data   RO         7524    .constdata          c_w.l(__printf_flags_ss_wp.o)
    0x0803e1c7   0x00000001   PAD
    0x0803e1c8   0x00000008   Data   RO         7660    .constdata          c_w.l(_printf_wctomb.o)
    0x0803e1d0   0x00000030   Data   RO         7709    .constdata          m_wm.l(cos_i.o)
    0x0803e200   0x000000c8   Data   RO         7727    .constdata          m_wm.l(rred.o)
    0x0803e2c8   0x00000028   Data   RO         7731    .constdata          m_wm.l(sin_i.o)
    0x0803e2f0   0x00000094   Data   RO         7780    .constdata          c_w.l(bigflt0.o)
    0x0803e384   0x00000079   Data   RO         6126    .conststring        touch.o
    0x0803e3fd   0x00000003   PAD
    0x0803e400   0x00000020   Data   RO         8019    Region$$Table       anon$$obj.o
    0x0803e420   0x0000001c   Data   RO         7810    locale$$data        c_w.l(lc_numeric_c.o)
    0x0803e43c   0x00000110   Data   RO         7829    locale$$data        c_w.l(lc_ctype_c.o)


    Execution Region RW_IRAM1 (Base: 0x20000000, Size: 0x0001c620, Max: 0x00020000, ABSOLUTE)

    Base Addr    Size         Type   Attr      Idx    E Section Name        Object

    0x20000000   0x00000001   Data   RW           16    .data               main.o
    0x20000001   0x00000010   Data   RW         3077    .data               stm32f4xx_rcc.o
    0x20000011   0x00000001   PAD
    0x20000012   0x00000004   Data   RW         5178    .data               delay.o
    0x20000016   0x00000002   PAD
    0x20000018   0x00000006   Data   RW         5237    .data               usart.o
    0x2000001e   0x00000004   Data   RW         5570    .data               lcd.o
    0x20000022   0x00000004   Data   RW         5773    .data               lcdpro.o
    0x20000026   0x00000001   Data   RW         6023    .data               ft5206.o
    0x20000027   0x00000001   Data   RW         6070    .data               ott2001a.o
    0x20000028   0x00000036   Data   RW         6127    .data               touch.o
    0x2000005e   0x00000001   Data   RW         6218    .data               gt9147.o
    0x2000005f   0x00000001   PAD
    0x20000060   0x00000046   Data   RW         6336    .data               osci.o
    0x200000a6   0x00000002   PAD
    0x200000a8   0x00000010   Data   RW         6600    .data               sdio_sdcard.o
    0x200000b8   0x00000002   Data   RW         6798    .data               w25qxx.o
    0x200000ba   0x00000002   PAD
    0x200000bc   0x00000024   Data   RW         6908    .data               malloc.o
    0x200000e0   0x00000014   Data   RW         6980    .data               exfuns.o
    0x200000f4   0x00000002   Data   RW         7031    .data               diskio.o
    0x200000f6   0x00000002   Data   RW         7155    .data               ff.o
    0x200000f8   0x000000c8   Zero   RW         5236    .bss                usart.o
    0x200001c0   0x0000000e   Zero   RW         5568    .bss                lcd.o
    0x200001ce   0x00000064   Zero   RW         5772    .bss                lcdpro.o
    0x20000232   0x00000006   PAD
    0x20000238   0x00000168   Zero   RW         6335    .bss                osci.o
    0x200003a0   0x000002c0   Zero   RW         6599    .bss                sdio_sdcard.o
    0x20000660   0x00001000   Zero   RW         6797    .bss                w25qxx.o
    0x20001660   0x0001a900   Zero   RW         6906    .bss                malloc.o
    0x2001bf60   0x00000050   Zero   RW         6977    .bss                exfuns.o
    0x2001bfb0   0x0000000c   Zero   RW         7153    .bss                ff.o
    0x2001bfbc   0x00000060   Zero   RW         7737    .bss                c_w.l(libspace.o)
    0x2001c01c   0x00000004   PAD
    0x2001c020   0x00000200   Zero   RW         5166    HEAP                startup_stm32f40_41xxx.o
    0x2001c220   0x00000400   Zero   RW         5165    STACK               startup_stm32f40_41xxx.o



  Load Region LR$$.ARM.__AT_0x10000000 (Base: 0x10000000, Size: 0x00000000, Max: 0x0000f000, ABSOLUTE)

    Execution Region ER$$.ARM.__AT_0x10000000 (Base: 0x10000000, Size: 0x0000f000, Max: 0x0000f000, ABSOLUTE, UNINIT)

    Base Addr    Size         Type   Attr      Idx    E Section Name        Object

    0x10000000   0x0000f000   Zero   RW         6902    .ARM.__AT_0x10000000  malloc.o



  Load Region LR$$.ARM.__AT_0x1000F000 (Base: 0x1000f000, Size: 0x00000000, Max: 0x00000f00, ABSOLUTE)

    Execution Region ER$$.ARM.__AT_0x1000F000 (Base: 0x1000f000, Size: 0x00000f00, Max: 0x00000f00, ABSOLUTE, UNINIT)

    Base Addr    Size         Type   Attr      Idx    E Section Name        Object

    0x1000f000   0x00000f00   Zero   RW         6903    .ARM.__AT_0x1000F000  malloc.o



  Load Region LR$$.ARM.__AT_0x68000000 (Base: 0x68000000, Size: 0x00000000, Max: 0x000f0000, ABSOLUTE)

    Execution Region ER$$.ARM.__AT_0x68000000 (Base: 0x68000000, Size: 0x000f0000, Max: 0x000f0000, ABSOLUTE, UNINIT)

    Base Addr    Size         Type   Attr      Idx    E Section Name        Object

    0x68000000   0x000f0000   Zero   RW         6904    .ARM.__AT_0x68000000  malloc.o



  Load Region LR$$.ARM.__AT_0x680F0000 (Base: 0x680f0000, Size: 0x00000000, Max: 0x0000f000, ABSOLUTE)

    Execution Region ER$$.ARM.__AT_0x680F0000 (Base: 0x680f0000, Size: 0x0000f000, Max: 0x0000f000, ABSOLUTE, UNINIT)

    Base Addr    Size         Type   Attr      Idx    E Section Name        Object

    0x680f0000   0x0000f000   Zero   RW         6905    .ARM.__AT_0x680F0000  malloc.o


==============================================================================

Image component sizes


      Code (inc. data)   RO Data    RW Data    ZI Data      Debug   Object Name

       262          0          0          0          0       3189   24cxx.o
       180         18     175304          0          0       2611   cc936.o
       564         44          0          0          0       3272   connectfpga.o
       698        128          0          0          0       5217   ctiic.o
       268         16          0          4          0       2543   delay.o
       518         14          0          2          0       6836   diskio.o
       132         18          0         20         80       1638   exfuns.o
      7308         66         58          2         12      37733   ff.o
      1212         86          0          0          0       5094   fft.o
       814         42         10          1          0       3717   ft5206.o
      1098         80        194          1          0       4654   gt9147.o
        68          8          0          0          0        551   key.o
     18218        218       6080          4         14      27027   lcd.o
       368         16          0          4        100       3313   lcdpro.o
        64          4          0          0          0        547   led.o
       572        182          0          1          0     326056   main.o
       504         60         36         36    1218560       6542   malloc.o
       180         24          0          0          0       2129   misc.o
       696        110          0          0          0       4630   myiic.o
      8132       1130          0         70        360      19622   osci.o
       906         68         10          1          0       4327   ott2001a.o
      7482        400          0         16        704      34805   sdio_sdcard.o
       716         22          0          0          0       1009   sram.o
        64         26        392          0       1536        860   startup_stm32f40_41xxx.o
       496         26          0          0          0       4332   stm32f4xx_dma.o
       282          6          0          0          0       1861   stm32f4xx_fsmc.o
       218          0          0          0          0       2354   stm32f4xx_gpio.o
        26          0          0          0          0       4178   stm32f4xx_it.o
       392         48          0         16          0       5905   stm32f4xx_rcc.o
       208         38          0          0          0       5765   stm32f4xx_sdio.o
       112          0          0          0          0       3546   stm32f4xx_spi.o
       214         28          0          0          0       3730   stm32f4xx_tim.o
       404          8          0          0          0       4282   stm32f4xx_usart.o
        16          0          0          0          0        512   sys.o
       340         32          0          0          0       1509   system_stm32f4xx.o
        92          4          0          0          0        696   timer.o
      4304        274        125         54          0      10805   touch.o
       342         28          0          6        200       4352   usart.o
       780         66          0          2       4096       7197   w25qxx.o

    ----------------------------------------------------------------------
     59308       3338     182246        248    1225668     568946   Object Totals
         0          0         32          0          0          0   (incl. Generated)
        58          0          5          8          6          0   (incl. Padding)

    ----------------------------------------------------------------------

      Code (inc. data)   RO Data    RW Data    ZI Data      Debug   Library Member Name

        24          4          0          0          0         84   __2printf.o
        44          6          0          0          0         84   __2sprintf.o
         8          0          0          0          0         68   __main.o
       392          4         17          0          0         92   __printf_flags_ss_wp.o
        14          0          0          0          0         68   __printf_wp.o
         0          0          0          0          0          0   __rtentry.o
        12          0          0          0          0          0   __rtentry2.o
         6          0          0          0          0          0   __rtentry4.o
        52          8          0          0          0          0   __scatter.o
        26          0          0          0          0          0   __scatter_copy.o
        28          0          0          0          0          0   __scatter_zi.o
        28          0          0          0          0         68   _chval.o
         6          0          0          0          0          0   _printf_a.o
         6          0          0          0          0          0   _printf_c.o
        44          0          0          0          0        108   _printf_char.o
        48          6          0          0          0         96   _printf_char_common.o
        36          4          0          0          0         80   _printf_char_file.o
        40          0          0          0          0         68   _printf_charcount.o
         6          0          0          0          0          0   _printf_d.o
       120         16          0          0          0         92   _printf_dec.o
         6          0          0          0          0          0   _printf_e.o
         6          0          0          0          0          0   _printf_f.o
      1050          0          0          0          0        216   _printf_fp_dec.o
       128         16          0          0          0         84   _printf_fp_infnan.o
         6          0          0          0          0          0   _printf_g.o
       148          4         40          0          0        160   _printf_hex_int_ll_ptr.o
         6          0          0          0          0          0   _printf_i.o
       178          0          0          0          0         88   _printf_intcommon.o
        10          0          0          0          0          0   _printf_l.o
         6          0          0          0          0          0   _printf_lc.o
        10          0          0          0          0          0   _printf_ll.o
         6          0          0          0          0          0   _printf_lld.o
         6          0          0          0          0          0   _printf_lli.o
         6          0          0          0          0          0   _printf_llo.o
         6          0          0          0          0          0   _printf_llu.o
         6          0          0          0          0          0   _printf_llx.o
       124         16          0          0          0         92   _printf_longlong_dec.o
         6          0          0          0          0          0   _printf_ls.o
         6          0          0          0          0          0   _printf_n.o
         6          0          0          0          0          0   _printf_o.o
       112          8          0          0          0        124   _printf_oct_int_ll.o
         6          0          0          0          0          0   _printf_p.o
        78          0          0          0          0        108   _printf_pad.o
         0          0          0          0          0          0   _printf_percent.o
         4          0          0          0          0          0   _printf_percent_end.o
         6          0          0          0          0          0   _printf_s.o
        82          0          0          0          0         80   _printf_str.o
        36          0          0          0          0         84   _printf_truncate.o
         6          0          0          0          0          0   _printf_u.o
        44          0          0          0          0        108   _printf_wchar.o
       188          6          8          0          0         92   _printf_wctomb.o
         6          0          0          0          0          0   _printf_x.o
        22          0          0          0          0        100   _rserrno.o
        10          0          0          0          0         68   _sputc.o
       158          0          0          0          0         92   _strtoul.o
        64          0          0          0          0         92   _wcrtomb.o
        26          0          0          0          0         80   atoi.o
       220          4        148          0          0         96   bigflt0.o
      1910        128          0          0          0        672   btod.o
        36          4          0          0          0         76   c89vsprintf.o
        12          0          0          0          0         72   exit.o
         8          0          0          0          0         68   ferror.o
         6          0          0          0          0        152   heapauxi.o
        44         10        272          0          0         76   lc_ctype_c.o
        44         10         28          0          0         76   lc_numeric_c.o
         2          0          0          0          0          0   libinit.o
        34          0          0          0          0          0   libinit2.o
         2          0          0          0          0          0   libshutdown.o
         2          0          0          0          0          0   libshutdown2.o
         8          4          0          0         96         68   libspace.o
        72          0          0          0          0         76   llsdiv.o
       138          0          0          0          0         80   lludiv10.o
       238          0          0          0          0        100   lludivv7m.o
        16          4          0          0          0         76   rt_ctype_table.o
         8          4          0          0          0         68   rt_errno_addr_intlibspace.o
         8          4          0          0          0         68   rt_locale_intlibspace.o
       138          0          0          0          0         68   rt_memcpy_v6.o
       100          0          0          0          0         80   rt_memcpy_w.o
         2          0          0          0          0          0   rtexit.o
        10          0          0          0          0          0   rtexit2.o
       128          0          0          0          0         68   strcmpv7m.o
        72          0          0          0          0         80   strcpy.o
        62          0          0          0          0         76   strlen.o
       112          0          0          0          0         88   strtol.o
        74          0          0          0          0         80   sys_stackheap_outer.o
         2          0          0          0          0         68   use_no_semi.o
         2          0          0          0          0         68   use_no_semi_2.o
        24          0          0          0          0        164   basic.o
       826         16          0          0          0        492   daddsub_clz.o
        24          0          0          0          0        116   dcmpi.o
       688        140          0          0          0        256   ddiv.o
        94          4          0          0          0        140   dfix.o
        90          4          0          0          0        140   dfixu.o
        84          0          0          0          0        232   dflt_clz.o
       120          4          0          0          0        140   dleqf.o
       340         12          0          0          0        152   dmul.o
       156          4          0          0          0        140   dnaninf.o
        12          0          0          0          0        116   dretinf.o
       108          0          0          0          0        128   drleqf.o
       408         56          0          0          0        168   dsqrt_umaal.o
        86          4          0          0          0        132   f2d.o
       140          4          0          0          0        132   fnaninf.o
        10          0          0          0          0        116   fpinit.o
         4          0          0          0          0        116   printf1.o
         0          0          0          0          0          0   usenofp.o
       200         20          0          0          0        164   cos.o
       368         46         48          0          0        200   cos_i.o
        84         16          0          0          0        372   dunder.o
        24          0          0          0          0        124   fabs.o
        48          0          0          0          0        124   fpclassify.o
       248          0          0          0          0        152   poly.o
      1080        142        200          0          0        188   rred.o
       200         20          0          0          0        164   sin.o
       304         24         40          0          0        208   sin_i.o
       122          0          0          0          0        148   sqrt.o

    ----------------------------------------------------------------------
     12952        786        802          0        100       9800   Library Totals
        36          0          1          0          4          0   (incl. Padding)

    ----------------------------------------------------------------------

      Code (inc. data)   RO Data    RW Data    ZI Data      Debug   Library Name

      7024        270        513          0         96       5076   c_w.l
      3214        248          0          0          0       2880   fz_wm.l
      2678        268        288          0          0       1844   m_wm.l

    ----------------------------------------------------------------------
     12952        786        802          0        100       9800   Library Totals

    ----------------------------------------------------------------------

==============================================================================


      Code (inc. data)   RO Data    RW Data    ZI Data      Debug   

     72260       4124     183048        248    1225768     547086   Grand Totals
     72260       4124     183048        248    1225768     547086   ELF Image Totals
     72260       4124     183048        248          0          0   ROM Totals

==============================================================================

    Total RO  Size (Code + RO Data)               255308 ( 249.32kB)
    Total RW  Size (RW Data + ZI Data)           1226016 (1197.28kB)
    Total ROM Size (Code + RO Data + RW Data)     255556 ( 249.57kB)

==============================================================================

